2020-04-23T21:58:32.6595056Z ##[section]Starting: Request a runner to run this job
2020-04-23T21:58:33.6198012Z Requesting a hosted runner in current repository's account/organization with labels: 'windows-latest', require runner match: True
2020-04-23T21:58:33.7314933Z Labels matched hosted runners has been found, waiting for one of them get assigned for this job.
2020-04-23T21:58:33.7546011Z ##[section]Finishing: Request a runner to run this job
2020-04-23T21:58:40.6376597Z Current runner version: '2.169.1'
2020-04-23T21:58:40.6397742Z ##[group]Operating System
2020-04-23T21:58:40.6398199Z Microsoft Windows Server 2019
2020-04-23T21:58:40.6398330Z 10.0.17763
2020-04-23T21:58:40.6398509Z Datacenter
2020-04-23T21:58:40.6398719Z ##[endgroup]
2020-04-23T21:58:40.6398928Z ##[group]Virtual Environment
2020-04-23T21:58:40.6399069Z Environment: windows-2019
2020-04-23T21:58:40.6399275Z Version: 20200416.1
2020-04-23T21:58:40.6399566Z Included Software: https://github.com/actions/virtual-environments/blob/win19/20200416.1/images/win/Windows2019-Readme.md
2020-04-23T21:58:40.6399792Z ##[endgroup]
2020-04-23T21:58:40.6400908Z Prepare workflow directory
2020-04-23T21:58:40.6768296Z Prepare all required actions
2020-04-23T21:58:40.6786181Z Download action repository 'actions/setup-go@v1'
2020-04-23T21:58:42.7489315Z Download action repository 'actions/checkout@v2'
2020-04-23T21:58:42.9585088Z Download action repository 'actions/upload-artifact@v1'
2020-04-23T21:58:43.1775322Z ##[group]Run actions/setup-go@v1
2020-04-23T21:58:43.1775715Z with:
2020-04-23T21:58:43.1775845Z   go-version: 1.13
2020-04-23T21:58:43.1775980Z env:
2020-04-23T21:58:43.1776138Z   GOPRIVATE: github.com/ActiveState/go-conpty,github.com/ActiveState/xpty,github.com/ActiveState/go-expect
2020-04-23T21:58:43.1776295Z   GOFLAGS: -mod=vendor
2020-04-23T21:58:43.1776416Z ##[endgroup]
2020-04-23T21:58:45.0057125Z [command]C:\windows\System32\WindowsPowerShell\v1.0\powershell.exe -NoLogo -Sta -NoProfile -NonInteractive -ExecutionPolicy Unrestricted -Command "$ErrorActionPreference = 'Stop' ; try { Add-Type -AssemblyName System.IO.Compression.FileSystem } catch { } ; [System.IO.Compression.ZipFile]::ExtractToDirectory('d:\a\_temp\9938daf6-736d-4192-b599-8519f3c137f6', 'd:\a\_temp\015ec7ee-3771-43b4-931b-f899a5f8ec5c')"
2020-04-23T21:59:21.8104418Z ##[group]Run actions/checkout@v2
2020-04-23T21:59:21.8104646Z with:
2020-04-23T21:59:21.8104758Z   repository: ActiveState/termtest
2020-04-23T21:59:21.8105007Z   token: ***
2020-04-23T21:59:21.8105137Z   ssh-strict: true
2020-04-23T21:59:21.8105242Z   persist-credentials: true
2020-04-23T21:59:21.8105349Z   clean: true
2020-04-23T21:59:21.8105430Z   fetch-depth: 1
2020-04-23T21:59:21.8105532Z   lfs: false
2020-04-23T21:59:21.8105633Z   submodules: false
2020-04-23T21:59:21.8105909Z env:
2020-04-23T21:59:21.8106018Z   GOPRIVATE: github.com/ActiveState/go-conpty,github.com/ActiveState/xpty,github.com/ActiveState/go-expect
2020-04-23T21:59:21.8106154Z   GOFLAGS: -mod=vendor
2020-04-23T21:59:21.8106273Z   GOROOT: C:\hostedtoolcache\windows\go\1.13.10\x64
2020-04-23T21:59:21.8106390Z ##[endgroup]
2020-04-23T21:59:22.3231391Z Syncing repository: ActiveState/termtest
2020-04-23T21:59:22.3265476Z ##[group]Getting Git version info
2020-04-23T21:59:22.3266376Z Working directory is 'd:\a\termtest\termtest'
2020-04-23T21:59:22.3289800Z [command]"C:\Program Files\Git\bin\git.exe" version
2020-04-23T21:59:22.3477167Z git version 2.26.1.windows.1
2020-04-23T21:59:22.3524309Z ##[endgroup]
2020-04-23T21:59:22.3529915Z Deleting the contents of 'd:\a\termtest\termtest'
2020-04-23T21:59:22.3533630Z ##[group]Initializing the repository
2020-04-23T21:59:22.3543181Z [command]"C:\Program Files\Git\bin\git.exe" init d:\a\termtest\termtest
2020-04-23T21:59:22.4998145Z Initialized empty Git repository in D:/a/termtest/termtest/.git/
2020-04-23T21:59:22.5066988Z [command]"C:\Program Files\Git\bin\git.exe" remote add origin https://github.com/ActiveState/termtest
2020-04-23T21:59:22.5671557Z ##[endgroup]
2020-04-23T21:59:22.5672038Z ##[group]Disabling automatic garbage collection
2020-04-23T21:59:22.5681775Z [command]"C:\Program Files\Git\bin\git.exe" config --local gc.auto 0
2020-04-23T21:59:22.6173525Z ##[endgroup]
2020-04-23T21:59:22.6177500Z ##[group]Setting up auth
2020-04-23T21:59:22.6192458Z [command]"C:\Program Files\Git\bin\git.exe" config --local --name-only --get-regexp core\.sshCommand
2020-04-23T21:59:22.6442667Z [command]"C:\Program Files\Git\bin\git.exe" submodule foreach --recursive "git config --local --name-only --get-regexp 'core\.sshCommand' && git config --local --unset-all 'core.sshCommand' || :"
2020-04-23T21:59:24.3662016Z [command]"C:\Program Files\Git\bin\git.exe" config --local --name-only --get-regexp http\.https\:\/\/github\.com\/\.extraheader
2020-04-23T21:59:24.3889569Z [command]"C:\Program Files\Git\bin\git.exe" submodule foreach --recursive "git config --local --name-only --get-regexp 'http\.https\:\/\/github\.com\/\.extraheader' && git config --local --unset-all 'http.https://github.com/.extraheader' || :"
2020-04-23T21:59:24.9314966Z [command]"C:\Program Files\Git\bin\git.exe" config --local http.https://github.com/.extraheader "AUTHORIZATION: basic ***"
2020-04-23T21:59:25.0967295Z ##[endgroup]
2020-04-23T21:59:25.0969320Z ##[group]Fetching the repository
2020-04-23T21:59:25.0988066Z [command]"C:\Program Files\Git\bin\git.exe" -c protocol.version=2 fetch --no-tags --prune --progress --no-recurse-submodules --depth=1 origin +a6d53317da83eb5fe41d19cddd4c807faf46fb08:refs/remotes/pull/1/merge
2020-04-23T21:59:26.9869173Z remote: Enumerating objects: 526, done.        
2020-04-23T21:59:26.9870001Z remote: Counting objects:   0% (1/526)        
2020-04-23T21:59:26.9874625Z remote: Counting objects:   1% (6/526)        
2020-04-23T21:59:26.9875858Z remote: Counting objects:   2% (11/526)        
2020-04-23T21:59:26.9880088Z remote: Counting objects:   3% (16/526)        
2020-04-23T21:59:26.9881293Z remote: Counting objects:   4% (22/526)        
2020-04-23T21:59:26.9882453Z remote: Counting objects:   5% (27/526)        
2020-04-23T21:59:26.9883220Z remote: Counting objects:   6% (32/526)        
2020-04-23T21:59:26.9883757Z remote: Counting objects:   7% (37/526)        
2020-04-23T21:59:26.9886333Z remote: Counting objects:   8% (43/526)        
2020-04-23T21:59:26.9887335Z remote: Counting objects:   9% (48/526)        
2020-04-23T21:59:26.9887799Z remote: Counting objects:  10% (53/526)        
2020-04-23T21:59:26.9888172Z remote: Counting objects:  11% (58/526)        
2020-04-23T21:59:26.9888654Z remote: Counting objects:  12% (64/526)        
2020-04-23T21:59:26.9889028Z remote: Counting objects:  13% (69/526)        
2020-04-23T21:59:26.9889373Z remote: Counting objects:  14% (74/526)        
2020-04-23T21:59:26.9889775Z remote: Counting objects:  15% (79/526)        
2020-04-23T21:59:26.9890095Z remote: Counting objects:  16% (85/526)        
2020-04-23T21:59:26.9890580Z remote: Counting objects:  17% (90/526)        
2020-04-23T21:59:26.9890987Z remote: Counting objects:  18% (95/526)        
2020-04-23T21:59:26.9891323Z remote: Counting objects:  19% (100/526)        
2020-04-23T21:59:26.9891599Z remote: Counting objects:  20% (106/526)        
2020-04-23T21:59:26.9891895Z remote: Counting objects:  21% (111/526)        
2020-04-23T21:59:26.9892330Z remote: Counting objects:  22% (116/526)        
2020-04-23T21:59:26.9892631Z remote: Counting objects:  23% (121/526)        
2020-04-23T21:59:26.9892913Z remote: Counting objects:  24% (127/526)        
2020-04-23T21:59:26.9893286Z remote: Counting objects:  25% (132/526)        
2020-04-23T21:59:26.9893587Z remote: Counting objects:  26% (137/526)        
2020-04-23T21:59:26.9893876Z remote: Counting objects:  27% (143/526)        
2020-04-23T21:59:26.9894180Z remote: Counting objects:  28% (148/526)        
2020-04-23T21:59:26.9895013Z remote: Counting objects:  29% (153/526)        
2020-04-23T21:59:26.9895417Z remote: Counting objects:  30% (158/526)        
2020-04-23T21:59:26.9895716Z remote: Counting objects:  31% (164/526)        
2020-04-23T21:59:26.9896474Z remote: Counting objects:  32% (169/526)        
2020-04-23T21:59:26.9896772Z remote: Counting objects:  33% (174/526)        
2020-04-23T21:59:26.9897270Z remote: Counting objects:  34% (179/526)        
2020-04-23T21:59:26.9897566Z remote: Counting objects:  35% (185/526)        
2020-04-23T21:59:26.9897853Z remote: Counting objects:  36% (190/526)        
2020-04-23T21:59:26.9898120Z remote: Counting objects:  37% (195/526)        
2020-04-23T21:59:26.9899039Z remote: Counting objects:  38% (200/526)        
2020-04-23T21:59:26.9899366Z remote: Counting objects:  39% (206/526)        
2020-04-23T21:59:26.9899685Z remote: Counting objects:  40% (211/526)        
2020-04-23T21:59:26.9899951Z remote: Counting objects:  41% (216/526)        
2020-04-23T21:59:26.9900240Z remote: Counting objects:  42% (221/526)        
2020-04-23T21:59:26.9900529Z remote: Counting objects:  43% (227/526)        
2020-04-23T21:59:26.9900812Z remote: Counting objects:  44% (232/526)        
2020-04-23T21:59:26.9901098Z remote: Counting objects:  45% (237/526)        
2020-04-23T21:59:26.9901385Z remote: Counting objects:  46% (242/526)        
2020-04-23T21:59:26.9901659Z remote: Counting objects:  47% (248/526)        
2020-04-23T21:59:26.9901944Z remote: Counting objects:  48% (253/526)        
2020-04-23T21:59:26.9902231Z remote: Counting objects:  49% (258/526)        
2020-04-23T21:59:26.9902537Z remote: Counting objects:  50% (263/526)        
2020-04-23T21:59:26.9902826Z remote: Counting objects:  51% (269/526)        
2020-04-23T21:59:26.9903091Z remote: Counting objects:  52% (274/526)        
2020-04-23T21:59:26.9903374Z remote: Counting objects:  53% (279/526)        
2020-04-23T21:59:26.9903659Z remote: Counting objects:  54% (285/526)        
2020-04-23T21:59:26.9903941Z remote: Counting objects:  55% (290/526)        
2020-04-23T21:59:26.9904223Z remote: Counting objects:  56% (295/526)        
2020-04-23T21:59:26.9904506Z remote: Counting objects:  57% (300/526)        
2020-04-23T21:59:26.9907767Z remote: Counting objects:  58% (306/526)        
2020-04-23T21:59:26.9908163Z remote: Counting objects:  59% (311/526)        
2020-04-23T21:59:26.9908929Z remote: Counting objects:  60% (316/526)        
2020-04-23T21:59:26.9911591Z remote: Counting objects:  61% (321/526)        
2020-04-23T21:59:26.9912086Z remote: Counting objects:  62% (327/526)        
2020-04-23T21:59:26.9912290Z remote: Counting objects:  63% (332/526)        
2020-04-23T21:59:26.9912437Z remote: Counting objects:  64% (337/526)        
2020-04-23T21:59:26.9912613Z remote: Counting objects:  65% (342/526)        
2020-04-23T21:59:26.9912768Z remote: Counting objects:  66% (348/526)        
2020-04-23T21:59:26.9912923Z remote: Counting objects:  67% (353/526)        
2020-04-23T21:59:26.9913077Z remote: Counting objects:  68% (358/526)        
2020-04-23T21:59:26.9913211Z remote: Counting objects:  69% (363/526)        
2020-04-23T21:59:26.9913367Z remote: Counting objects:  70% (369/526)        
2020-04-23T21:59:26.9913521Z remote: Counting objects:  71% (374/526)        
2020-04-23T21:59:26.9913714Z remote: Counting objects:  72% (379/526)        
2020-04-23T21:59:26.9913872Z remote: Counting objects:  73% (384/526)        
2020-04-23T21:59:26.9914000Z remote: Counting objects:  74% (390/526)        
2020-04-23T21:59:26.9914154Z remote: Counting objects:  75% (395/526)        
2020-04-23T21:59:26.9914312Z remote: Counting objects:  76% (400/526)        
2020-04-23T21:59:26.9914462Z remote: Counting objects:  77% (406/526)        
2020-04-23T21:59:26.9914612Z remote: Counting objects:  78% (411/526)        
2020-04-23T21:59:26.9914984Z remote: Counting objects:  79% (416/526)        
2020-04-23T21:59:26.9915164Z remote: Counting objects:  80% (421/526)        
2020-04-23T21:59:26.9915314Z remote: Counting objects:  81% (427/526)        
2020-04-23T21:59:26.9915591Z remote: Counting objects:  82% (432/526)        
2020-04-23T21:59:26.9916248Z remote: Counting objects:  83% (437/526)        
2020-04-23T21:59:26.9916412Z remote: Counting objects:  84% (442/526)        
2020-04-23T21:59:26.9916564Z remote: Counting objects:  85% (448/526)        
2020-04-23T21:59:26.9916728Z remote: Counting objects:  86% (453/526)        
2020-04-23T21:59:26.9916880Z remote: Counting objects:  87% (458/526)        
2020-04-23T21:59:26.9917009Z remote: Counting objects:  88% (463/526)        
2020-04-23T21:59:26.9917296Z remote: Counting objects:  89% (469/526)        
2020-04-23T21:59:26.9917446Z remote: Counting objects:  90% (474/526)        
2020-04-23T21:59:26.9917596Z remote: Counting objects:  91% (479/526)        
2020-04-23T21:59:26.9917727Z remote: Counting objects:  92% (484/526)        
2020-04-23T21:59:26.9917877Z remote: Counting objects:  93% (490/526)        
2020-04-23T21:59:26.9918025Z remote: Counting objects:  94% (495/526)        
2020-04-23T21:59:26.9918174Z remote: Counting objects:  95% (500/526)        
2020-04-23T21:59:26.9918347Z remote: Counting objects:  96% (505/526)        
2020-04-23T21:59:26.9918500Z remote: Counting objects:  97% (511/526)        
2020-04-23T21:59:26.9918628Z remote: Counting objects:  98% (516/526)        
2020-04-23T21:59:26.9918782Z remote: Counting objects:  99% (521/526)        
2020-04-23T21:59:26.9918931Z remote: Counting objects: 100% (526/526)        
2020-04-23T21:59:26.9919364Z remote: Counting objects: 100% (526/526), done.        
2020-04-23T21:59:26.9919528Z remote: Compressing objects:   0% (1/353)        
2020-04-23T21:59:26.9920228Z remote: Compressing objects:   1% (4/353)        
2020-04-23T21:59:26.9920466Z remote: Compressing objects:   2% (8/353)        
2020-04-23T21:59:26.9920623Z remote: Compressing objects:   3% (11/353)        
2020-04-23T21:59:26.9920759Z remote: Compressing objects:   4% (15/353)        
2020-04-23T21:59:26.9920915Z remote: Compressing objects:   5% (18/353)        
2020-04-23T21:59:26.9921070Z remote: Compressing objects:   6% (22/353)        
2020-04-23T21:59:26.9921418Z remote: Compressing objects:   7% (25/353)        
2020-04-23T21:59:26.9921601Z remote: Compressing objects:   8% (29/353)        
2020-04-23T21:59:26.9921736Z remote: Compressing objects:   9% (32/353)        
2020-04-23T21:59:26.9922116Z remote: Compressing objects:  10% (36/353)        
2020-04-23T21:59:26.9922284Z remote: Compressing objects:  11% (39/353)        
2020-04-23T21:59:26.9922442Z remote: Compressing objects:  12% (43/353)        
2020-04-23T21:59:26.9922583Z remote: Compressing objects:  13% (46/353)        
2020-04-23T21:59:26.9922737Z remote: Compressing objects:  14% (50/353)        
2020-04-23T21:59:26.9922889Z remote: Compressing objects:  15% (53/353)        
2020-04-23T21:59:26.9923042Z remote: Compressing objects:  16% (57/353)        
2020-04-23T21:59:26.9923243Z remote: Compressing objects:  17% (61/353)        
2020-04-23T21:59:26.9923376Z remote: Compressing objects:  18% (64/353)        
2020-04-23T21:59:26.9923529Z remote: Compressing objects:  19% (68/353)        
2020-04-23T21:59:26.9924032Z remote: Compressing objects:  20% (71/353)        
2020-04-23T21:59:26.9924217Z remote: Compressing objects:  21% (75/353)        
2020-04-23T21:59:26.9924678Z remote: Compressing objects:  22% (78/353)        
2020-04-23T21:59:26.9925027Z remote: Compressing objects:  23% (82/353)        
2020-04-23T21:59:26.9925405Z remote: Compressing objects:  24% (85/353)        
2020-04-23T21:59:26.9929490Z remote: Compressing objects:  25% (89/353)        
2020-04-23T21:59:26.9929955Z remote: Compressing objects:  26% (92/353)        
2020-04-23T21:59:26.9936285Z remote: Compressing objects:  27% (96/353)        
2020-04-23T21:59:26.9936528Z remote: Compressing objects:  28% (99/353)        
2020-04-23T21:59:26.9936689Z remote: Compressing objects:  29% (103/353)        
2020-04-23T21:59:26.9944859Z remote: Compressing objects:  30% (106/353)        
2020-04-23T21:59:26.9945931Z remote: Compressing objects:  31% (110/353)        
2020-04-23T21:59:26.9950197Z remote: Compressing objects:  32% (113/353)        
2020-04-23T21:59:26.9962049Z remote: Compressing objects:  33% (117/353)        
2020-04-23T21:59:26.9962278Z remote: Compressing objects:  34% (121/353)        
2020-04-23T21:59:26.9962631Z remote: Compressing objects:  35% (124/353)        
2020-04-23T21:59:26.9962872Z remote: Compressing objects:  36% (128/353)        
2020-04-23T21:59:26.9963030Z remote: Compressing objects:  37% (131/353)        
2020-04-23T21:59:26.9965608Z remote: Compressing objects:  38% (135/353)        
2020-04-23T21:59:26.9965837Z remote: Compressing objects:  39% (138/353)        
2020-04-23T21:59:26.9974584Z remote: Compressing objects:  40% (142/353)        
2020-04-23T21:59:26.9974924Z remote: Compressing objects:  41% (145/353)        
2020-04-23T21:59:26.9975147Z remote: Compressing objects:  42% (149/353)        
2020-04-23T21:59:26.9986618Z remote: Compressing objects:  43% (152/353)        
2020-04-23T21:59:26.9992544Z remote: Compressing objects:  44% (156/353)        
2020-04-23T21:59:27.0012964Z remote: Compressing objects:  45% (159/353)        
2020-04-23T21:59:27.0013222Z remote: Compressing objects:  46% (163/353)        
2020-04-23T21:59:27.0013383Z remote: Compressing objects:  47% (166/353)        
2020-04-23T21:59:27.0013560Z remote: Compressing objects:  48% (170/353)        
2020-04-23T21:59:27.0013697Z remote: Compressing objects:  49% (173/353)        
2020-04-23T21:59:27.0013855Z remote: Compressing objects:  50% (177/353)        
2020-04-23T21:59:27.0014019Z remote: Compressing objects:  51% (181/353)        
2020-04-23T21:59:27.0032410Z remote: Compressing objects:  52% (184/353)        
2020-04-23T21:59:27.0032927Z remote: Compressing objects:  53% (188/353)        
2020-04-23T21:59:27.0034042Z remote: Compressing objects:  54% (191/353)        
2020-04-23T21:59:27.0034271Z remote: Compressing objects:  55% (195/353)        
2020-04-23T21:59:27.0040254Z remote: Compressing objects:  56% (198/353)        
2020-04-23T21:59:27.0040685Z remote: Compressing objects:  57% (202/353)        
2020-04-23T21:59:27.0041271Z remote: Compressing objects:  58% (205/353)        
2020-04-23T21:59:27.0041450Z remote: Compressing objects:  59% (209/353)        
2020-04-23T21:59:27.0041754Z remote: Compressing objects:  60% (212/353)        
2020-04-23T21:59:27.0041915Z remote: Compressing objects:  61% (216/353)        
2020-04-23T21:59:27.0042067Z remote: Compressing objects:  62% (219/353)        
2020-04-23T21:59:27.0042231Z remote: Compressing objects:  63% (223/353)        
2020-04-23T21:59:27.0042363Z remote: Compressing objects:  64% (226/353)        
2020-04-23T21:59:27.0042514Z remote: Compressing objects:  65% (230/353)        
2020-04-23T21:59:27.0042724Z remote: Compressing objects:  66% (233/353)        
2020-04-23T21:59:27.0042878Z remote: Compressing objects:  67% (237/353)        
2020-04-23T21:59:27.0043008Z remote: Compressing objects:  68% (241/353)        
2020-04-23T21:59:27.0043159Z remote: Compressing objects:  69% (244/353)        
2020-04-23T21:59:27.0043313Z remote: Compressing objects:  70% (248/353)        
2020-04-23T21:59:27.0043464Z remote: Compressing objects:  71% (251/353)        
2020-04-23T21:59:27.0043615Z remote: Compressing objects:  72% (255/353)        
2020-04-23T21:59:27.0043751Z remote: Compressing objects:  73% (258/353)        
2020-04-23T21:59:27.0043904Z remote: Compressing objects:  74% (262/353)        
2020-04-23T21:59:27.0044054Z remote: Compressing objects:  75% (265/353)        
2020-04-23T21:59:27.0044212Z remote: Compressing objects:  76% (269/353)        
2020-04-23T21:59:27.0044343Z remote: Compressing objects:  77% (272/353)        
2020-04-23T21:59:27.0044492Z remote: Compressing objects:  78% (276/353)        
2020-04-23T21:59:27.0044643Z remote: Compressing objects:  79% (279/353)        
2020-04-23T21:59:27.0044793Z remote: Compressing objects:  80% (283/353)        
2020-04-23T21:59:27.0044942Z remote: Compressing objects:  81% (286/353)        
2020-04-23T21:59:27.0045073Z remote: Compressing objects:  82% (290/353)        
2020-04-23T21:59:27.0045224Z remote: Compressing objects:  83% (293/353)        
2020-04-23T21:59:27.0045374Z remote: Compressing objects:  84% (297/353)        
2020-04-23T21:59:27.0049284Z remote: Compressing objects:  85% (301/353)        
2020-04-23T21:59:27.0050058Z remote: Compressing objects:  86% (304/353)        
2020-04-23T21:59:27.0063219Z remote: Compressing objects:  87% (308/353)        
2020-04-23T21:59:27.0064392Z remote: Compressing objects:  88% (311/353)        
2020-04-23T21:59:27.0064645Z remote: Compressing objects:  89% (315/353)        
2020-04-23T21:59:27.0064816Z remote: Compressing objects:  90% (318/353)        
2020-04-23T21:59:27.0064972Z remote: Compressing objects:  91% (322/353)        
2020-04-23T21:59:27.0065128Z remote: Compressing objects:  92% (325/353)        
2020-04-23T21:59:27.0065262Z remote: Compressing objects:  93% (329/353)        
2020-04-23T21:59:27.0065415Z remote: Compressing objects:  94% (332/353)        
2020-04-23T21:59:27.0065570Z remote: Compressing objects:  95% (336/353)        
2020-04-23T21:59:27.0065722Z remote: Compressing objects:  96% (339/353)        
2020-04-23T21:59:27.0065877Z remote: Compressing objects:  97% (343/353)        
2020-04-23T21:59:27.0066031Z remote: Compressing objects:  98% (346/353)        
2020-04-23T21:59:27.0066186Z remote: Compressing objects:  99% (350/353)        
2020-04-23T21:59:27.0066339Z remote: Compressing objects: 100% (353/353)        
2020-04-23T21:59:27.0066508Z remote: Compressing objects: 100% (353/353), done.        
2020-04-23T21:59:27.0647922Z Receiving objects:   0% (1/526)
2020-04-23T21:59:27.0648242Z Receiving objects:   1% (6/526)
2020-04-23T21:59:27.0663242Z Receiving objects:   2% (11/526)
2020-04-23T21:59:27.0663703Z Receiving objects:   3% (16/526)
2020-04-23T21:59:27.0665908Z Receiving objects:   4% (22/526)
2020-04-23T21:59:27.0667973Z Receiving objects:   5% (27/526)
2020-04-23T21:59:27.0671815Z Receiving objects:   6% (32/526)
2020-04-23T21:59:27.0678208Z Receiving objects:   7% (37/526)
2020-04-23T21:59:27.0768773Z Receiving objects:   8% (43/526)
2020-04-23T21:59:27.0771444Z Receiving objects:   9% (48/526)
2020-04-23T21:59:27.0772747Z Receiving objects:  10% (53/526)
2020-04-23T21:59:27.0775189Z Receiving objects:  11% (58/526)
2020-04-23T21:59:27.0775647Z Receiving objects:  12% (64/526)
2020-04-23T21:59:27.0776023Z Receiving objects:  13% (69/526)
2020-04-23T21:59:27.0776415Z Receiving objects:  14% (74/526)
2020-04-23T21:59:27.0776780Z Receiving objects:  15% (79/526)
2020-04-23T21:59:27.0777144Z Receiving objects:  16% (85/526)
2020-04-23T21:59:27.0777487Z Receiving objects:  17% (90/526)
2020-04-23T21:59:27.0777851Z Receiving objects:  18% (95/526)
2020-04-23T21:59:27.0779538Z Receiving objects:  19% (100/526)
2020-04-23T21:59:27.0780243Z Receiving objects:  20% (106/526)
2020-04-23T21:59:27.0780603Z Receiving objects:  21% (111/526)
2020-04-23T21:59:27.0780949Z Receiving objects:  22% (116/526)
2020-04-23T21:59:27.0781291Z Receiving objects:  23% (121/526)
2020-04-23T21:59:27.0781632Z Receiving objects:  24% (127/526)
2020-04-23T21:59:27.0781947Z Receiving objects:  25% (132/526)
2020-04-23T21:59:27.0784036Z Receiving objects:  26% (137/526)
2020-04-23T21:59:27.0784465Z Receiving objects:  27% (143/526)
2020-04-23T21:59:27.0785813Z Receiving objects:  28% (148/526)
2020-04-23T21:59:27.0786399Z Receiving objects:  29% (153/526)
2020-04-23T21:59:27.0786752Z Receiving objects:  30% (158/526)
2020-04-23T21:59:27.0787097Z Receiving objects:  31% (164/526)
2020-04-23T21:59:27.0787444Z Receiving objects:  32% (169/526)
2020-04-23T21:59:27.0787781Z Receiving objects:  33% (174/526)
2020-04-23T21:59:27.0788118Z Receiving objects:  34% (179/526)
2020-04-23T21:59:27.0788436Z Receiving objects:  35% (185/526)
2020-04-23T21:59:27.0788774Z Receiving objects:  36% (190/526)
2020-04-23T21:59:27.0790227Z Receiving objects:  37% (195/526)
2020-04-23T21:59:27.0790713Z Receiving objects:  38% (200/526)
2020-04-23T21:59:27.0791004Z Receiving objects:  39% (206/526)
2020-04-23T21:59:27.0791274Z Receiving objects:  40% (211/526)
2020-04-23T21:59:27.0791573Z Receiving objects:  41% (216/526)
2020-04-23T21:59:27.0791840Z Receiving objects:  42% (221/526)
2020-04-23T21:59:27.0792122Z Receiving objects:  43% (227/526)
2020-04-23T21:59:27.0799130Z Receiving objects:  44% (232/526)
2020-04-23T21:59:27.0800452Z Receiving objects:  45% (237/526)
2020-04-23T21:59:27.0804544Z Receiving objects:  46% (242/526)
2020-04-23T21:59:27.0808767Z Receiving objects:  47% (248/526)
2020-04-23T21:59:27.0814535Z Receiving objects:  48% (253/526)
2020-04-23T21:59:27.0818464Z Receiving objects:  49% (258/526)
2020-04-23T21:59:27.0829724Z Receiving objects:  50% (263/526)
2020-04-23T21:59:27.0830289Z Receiving objects:  51% (269/526)
2020-04-23T21:59:27.0834097Z Receiving objects:  52% (274/526)
2020-04-23T21:59:27.0838745Z Receiving objects:  53% (279/526)
2020-04-23T21:59:27.0852948Z Receiving objects:  54% (285/526)
2020-04-23T21:59:27.0858379Z Receiving objects:  55% (290/526)
2020-04-23T21:59:27.0860047Z Receiving objects:  56% (295/526)
2020-04-23T21:59:27.0867714Z Receiving objects:  57% (300/526)
2020-04-23T21:59:27.0868186Z Receiving objects:  58% (306/526)
2020-04-23T21:59:27.0870547Z Receiving objects:  59% (311/526)
2020-04-23T21:59:27.0874085Z Receiving objects:  60% (316/526)
2020-04-23T21:59:27.0902227Z Receiving objects:  61% (321/526)
2020-04-23T21:59:27.0931164Z Receiving objects:  62% (327/526)
2020-04-23T21:59:27.0945126Z Receiving objects:  63% (332/526)
2020-04-23T21:59:27.0961885Z Receiving objects:  64% (337/526)
2020-04-23T21:59:27.0977042Z Receiving objects:  65% (342/526)
2020-04-23T21:59:27.0983093Z Receiving objects:  66% (348/526)
2020-04-23T21:59:27.1027936Z Receiving objects:  67% (353/526)
2020-04-23T21:59:27.1028593Z Receiving objects:  68% (358/526)
2020-04-23T21:59:27.1029004Z Receiving objects:  69% (363/526)
2020-04-23T21:59:27.1029299Z Receiving objects:  70% (369/526)
2020-04-23T21:59:27.1029570Z Receiving objects:  71% (374/526)
2020-04-23T21:59:27.1029857Z Receiving objects:  72% (379/526)
2020-04-23T21:59:27.1033822Z Receiving objects:  73% (384/526)
2020-04-23T21:59:27.1039360Z Receiving objects:  74% (390/526)
2020-04-23T21:59:27.1043829Z Receiving objects:  75% (395/526)
2020-04-23T21:59:27.1047222Z Receiving objects:  76% (400/526)
2020-04-23T21:59:27.1053546Z Receiving objects:  77% (406/526)
2020-04-23T21:59:27.1064405Z Receiving objects:  78% (411/526)
2020-04-23T21:59:27.1081923Z Receiving objects:  79% (416/526)
2020-04-23T21:59:27.1090584Z Receiving objects:  80% (421/526)
2020-04-23T21:59:27.1097293Z Receiving objects:  81% (427/526)
2020-04-23T21:59:27.1111912Z Receiving objects:  82% (432/526)
2020-04-23T21:59:27.1117898Z Receiving objects:  83% (437/526)
2020-04-23T21:59:27.1123135Z Receiving objects:  84% (442/526)
2020-04-23T21:59:27.1137405Z Receiving objects:  85% (448/526)
2020-04-23T21:59:27.1143066Z Receiving objects:  86% (453/526)
2020-04-23T21:59:27.1157972Z Receiving objects:  87% (458/526)
2020-04-23T21:59:27.1160419Z Receiving objects:  88% (463/526)
2020-04-23T21:59:27.1160951Z Receiving objects:  89% (469/526)
2020-04-23T21:59:27.1165697Z Receiving objects:  90% (474/526)
2020-04-23T21:59:27.1166320Z Receiving objects:  91% (479/526)
2020-04-23T21:59:27.1173581Z Receiving objects:  92% (484/526)
2020-04-23T21:59:27.1187298Z Receiving objects:  93% (490/526)
2020-04-23T21:59:27.1254588Z Receiving objects:  94% (495/526)
2020-04-23T21:59:27.1256248Z Receiving objects:  95% (500/526)
2020-04-23T21:59:27.1266221Z Receiving objects:  96% (505/526)
2020-04-23T21:59:27.1280844Z Receiving objects:  97% (511/526)
2020-04-23T21:59:27.1289889Z Receiving objects:  98% (516/526)
2020-04-23T21:59:27.1290326Z remote: Total 526 (delta 159), reused 483 (delta 151), pack-reused 0        
2020-04-23T21:59:27.1292128Z Receiving objects:  99% (521/526)
2020-04-23T21:59:27.1293650Z Receiving objects: 100% (526/526)
2020-04-23T21:59:27.1294060Z Receiving objects: 100% (526/526), 1.10 MiB | 13.57 MiB/s, done.
2020-04-23T21:59:27.1434822Z Resolving deltas:   0% (0/159)
2020-04-23T21:59:27.1436291Z Resolving deltas:   1% (3/159)
2020-04-23T21:59:27.1437773Z Resolving deltas:   2% (4/159)
2020-04-23T21:59:27.1438187Z Resolving deltas:   3% (5/159)
2020-04-23T21:59:27.1438489Z Resolving deltas:   4% (7/159)
2020-04-23T21:59:27.1438774Z Resolving deltas:   5% (9/159)
2020-04-23T21:59:27.1439496Z Resolving deltas:   6% (11/159)
2020-04-23T21:59:27.1439668Z Resolving deltas:   7% (12/159)
2020-04-23T21:59:27.1439801Z Resolving deltas:   8% (13/159)
2020-04-23T21:59:27.1439958Z Resolving deltas:   9% (15/159)
2020-04-23T21:59:27.1440112Z Resolving deltas:  10% (16/159)
2020-04-23T21:59:27.1440266Z Resolving deltas:  11% (18/159)
2020-04-23T21:59:27.1440420Z Resolving deltas:  12% (20/159)
2020-04-23T21:59:27.1440555Z Resolving deltas:  13% (21/159)
2020-04-23T21:59:27.1440707Z Resolving deltas:  14% (23/159)
2020-04-23T21:59:27.1440860Z Resolving deltas:  15% (24/159)
2020-04-23T21:59:27.1441012Z Resolving deltas:  16% (26/159)
2020-04-23T21:59:27.1441146Z Resolving deltas:  17% (28/159)
2020-04-23T21:59:27.1441299Z Resolving deltas:  21% (34/159)
2020-04-23T21:59:27.1441461Z Resolving deltas:  26% (42/159)
2020-04-23T21:59:27.1441614Z Resolving deltas:  27% (43/159)
2020-04-23T21:59:27.1441747Z Resolving deltas:  28% (45/159)
2020-04-23T21:59:27.1441901Z Resolving deltas:  35% (56/159)
2020-04-23T21:59:27.1442061Z Resolving deltas:  39% (63/159)
2020-04-23T21:59:27.1442212Z Resolving deltas:  40% (64/159)
2020-04-23T21:59:27.1442345Z Resolving deltas:  41% (66/159)
2020-04-23T21:59:27.1442529Z Resolving deltas:  42% (67/159)
2020-04-23T21:59:27.1442685Z Resolving deltas:  45% (72/159)
2020-04-23T21:59:27.1442837Z Resolving deltas:  47% (75/159)
2020-04-23T21:59:27.1442988Z Resolving deltas:  49% (78/159)
2020-04-23T21:59:27.1443121Z Resolving deltas:  50% (81/159)
2020-04-23T21:59:27.1443275Z Resolving deltas:  51% (82/159)
2020-04-23T21:59:27.1443428Z Resolving deltas:  52% (83/159)
2020-04-23T21:59:27.1443579Z Resolving deltas:  53% (85/159)
2020-04-23T21:59:27.1443712Z Resolving deltas:  54% (86/159)
2020-04-23T21:59:27.1443865Z Resolving deltas:  55% (88/159)
2020-04-23T21:59:27.1444089Z Resolving deltas:  57% (91/159)
2020-04-23T21:59:27.1444252Z Resolving deltas:  62% (100/159)
2020-04-23T21:59:27.1444388Z Resolving deltas:  63% (101/159)
2020-04-23T21:59:27.1444548Z Resolving deltas:  64% (102/159)
2020-04-23T21:59:27.1444702Z Resolving deltas:  66% (105/159)
2020-04-23T21:59:27.1444856Z Resolving deltas:  67% (107/159)
2020-04-23T21:59:27.1444988Z Resolving deltas:  69% (111/159)
2020-04-23T21:59:27.1445142Z Resolving deltas:  73% (117/159)
2020-04-23T21:59:27.1445297Z Resolving deltas:  74% (119/159)
2020-04-23T21:59:27.1445452Z Resolving deltas:  77% (124/159)
2020-04-23T21:59:27.1445606Z Resolving deltas:  80% (128/159)
2020-04-23T21:59:27.1445740Z Resolving deltas:  81% (130/159)
2020-04-23T21:59:27.1445894Z Resolving deltas:  82% (131/159)
2020-04-23T21:59:27.1446047Z Resolving deltas:  84% (134/159)
2020-04-23T21:59:27.1446199Z Resolving deltas:  85% (136/159)
2020-04-23T21:59:27.1446332Z Resolving deltas:  86% (137/159)
2020-04-23T21:59:27.1446491Z Resolving deltas:  87% (139/159)
2020-04-23T21:59:27.1446647Z Resolving deltas:  88% (140/159)
2020-04-23T21:59:27.1446799Z Resolving deltas:  89% (142/159)
2020-04-23T21:59:27.1446933Z Resolving deltas:  90% (144/159)
2020-04-23T21:59:27.1447093Z Resolving deltas:  91% (145/159)
2020-04-23T21:59:27.1447245Z Resolving deltas:  93% (148/159)
2020-04-23T21:59:27.1447399Z Resolving deltas:  94% (151/159)
2020-04-23T21:59:27.1447531Z Resolving deltas:  95% (152/159)
2020-04-23T21:59:27.1447684Z Resolving deltas:  96% (153/159)
2020-04-23T21:59:27.1447839Z Resolving deltas:  98% (157/159)
2020-04-23T21:59:27.1447991Z Resolving deltas: 100% (159/159)
2020-04-23T21:59:27.1448132Z Resolving deltas: 100% (159/159), done.
2020-04-23T21:59:27.2195728Z From https://github.com/ActiveState/termtest
2020-04-23T21:59:27.2196385Z  * [new ref]         a6d53317da83eb5fe41d19cddd4c807faf46fb08 -> pull/1/merge
2020-04-23T21:59:27.2435252Z ##[endgroup]
2020-04-23T21:59:27.2435789Z ##[group]Determining the checkout info
2020-04-23T21:59:27.2437990Z ##[endgroup]
2020-04-23T21:59:27.2438248Z ##[group]Checking out the ref
2020-04-23T21:59:27.2447558Z [command]"C:\Program Files\Git\bin\git.exe" checkout --progress --force refs/remotes/pull/1/merge
2020-04-23T21:59:27.4278748Z Note: switching to 'refs/remotes/pull/1/merge'.
2020-04-23T21:59:27.4279123Z 
2020-04-23T21:59:27.4279493Z You are in 'detached HEAD' state. You can look around, make experimental
2020-04-23T21:59:27.4279873Z changes and commit them, and you can discard any commits you make in this
2020-04-23T21:59:27.4280227Z state without impacting any branches by switching back to a branch.
2020-04-23T21:59:27.4280422Z 
2020-04-23T21:59:27.4280764Z If you want to create a new branch to retain commits you create, you may
2020-04-23T21:59:27.4281166Z do so (now or later) by using -c with the switch command. Example:
2020-04-23T21:59:27.4281981Z 
2020-04-23T21:59:27.4283719Z   git switch -c <new-branch-name>
2020-04-23T21:59:27.4284001Z 
2020-04-23T21:59:27.4284294Z Or undo this operation with:
2020-04-23T21:59:27.4284519Z 
2020-04-23T21:59:27.4284789Z   git switch -
2020-04-23T21:59:27.4284972Z 
2020-04-23T21:59:27.4285324Z Turn off this advice by setting config variable advice.detachedHead to false
2020-04-23T21:59:27.4285537Z 
2020-04-23T21:59:27.4285945Z HEAD is now at a6d5331 Merge e4edbd4993c54a108158d4751187a120d40223b5 into c5d566abad6d026162a2ba28a402e9a0951a7306
2020-04-23T21:59:27.4322607Z ##[endgroup]
2020-04-23T21:59:27.4332656Z [command]"C:\Program Files\Git\bin\git.exe" log -1
2020-04-23T21:59:27.4525288Z commit a6d53317da83eb5fe41d19cddd4c807faf46fb08
2020-04-23T21:59:27.4525782Z Author: Martin Drohmann <martind@activestate.com>
2020-04-23T21:59:27.4526056Z Date:   Thu Apr 23 21:58:25 2020 +0000
2020-04-23T21:59:27.4526183Z 
2020-04-23T21:59:27.4526684Z     Merge e4edbd4993c54a108158d4751187a120d40223b5 into c5d566abad6d026162a2ba28a402e9a0951a7306
2020-04-23T21:59:27.4767817Z ##[group]Run go build -v .
2020-04-23T21:59:27.4768037Z [36;1mgo build -v .[0m
2020-04-23T21:59:27.5213166Z shell: C:\Program Files\PowerShell\7\pwsh.EXE -command ". '{0}'"
2020-04-23T21:59:27.5213314Z env:
2020-04-23T21:59:27.5213446Z   GOPRIVATE: github.com/ActiveState/go-conpty,github.com/ActiveState/xpty,github.com/ActiveState/go-expect
2020-04-23T21:59:27.5213562Z   GOFLAGS: -mod=vendor
2020-04-23T21:59:27.5213668Z   GOROOT: C:\hostedtoolcache\windows\go\1.13.10\x64
2020-04-23T21:59:27.5213776Z ##[endgroup]
2020-04-23T21:59:35.5424417Z github.com/ActiveState/go-expect/internal/osutils
2020-04-23T21:59:35.5628749Z github.com/ActiveState/vt10x
2020-04-23T21:59:35.5864486Z golang.org/x/sys/windows
2020-04-23T21:59:35.8468939Z github.com/ActiveState/termtest/internal/osutils
2020-04-23T21:59:35.9513476Z github.com/ActiveState/termtest/internal/osutils/stacktrace
2020-04-23T21:59:36.2060093Z github.com/ActiveState/go-conpty
2020-04-23T21:59:36.2809312Z github.com/ActiveState/xpty
2020-04-23T21:59:36.3626804Z github.com/ActiveState/go-expect
2020-04-23T21:59:36.4802815Z github.com/ActiveState/termtest
2020-04-23T21:59:37.3239581Z ##[group]Run go test -v . -race
2020-04-23T21:59:37.3239953Z [36;1mgo test -v . -race[0m
2020-04-23T21:59:37.3277153Z shell: C:\Program Files\PowerShell\7\pwsh.EXE -command ". '{0}'"
2020-04-23T21:59:37.3277275Z env:
2020-04-23T21:59:37.3277394Z   GOPRIVATE: github.com/ActiveState/go-conpty,github.com/ActiveState/xpty,github.com/ActiveState/go-expect
2020-04-23T21:59:37.3277491Z   GOFLAGS: -mod=vendor
2020-04-23T21:59:37.3277595Z   GOROOT: C:\hostedtoolcache\windows\go\1.13.10\x64
2020-04-23T21:59:37.3277703Z ##[endgroup]
2020-04-23T21:59:45.4677831Z === RUN   TestTermTestTestSuite
2020-04-23T21:59:45.4732005Z C:\Users\RUNNER~1\AppData\Local\Temp\898417795\sessionTester
2020-04-23T21:59:46.1458843Z === RUN   TestTermTestTestSuite/TestExitCode
2020-04-23T21:59:46.1467193Z === RUN   TestTermTestTestSuite/TestExitCode/is-0-expect-1
2020-04-23T21:59:46.1468893Z Spawning 'C:\Users\RUNNER~1\AppData\Local\Temp\898417795\sessionTester' from C:\Users\RUNNER~1\AppData\Local\Temp\001136134
2020-04-23T21:59:46.3055741Z === RUN   TestTermTestTestSuite/TestExitCode/is-1-expect-0
2020-04-23T21:59:46.3057433Z Spawning 'C:\Users\RUNNER~1\AppData\Local\Temp\898417795\sessionTester -exit1' from C:\Users\RUNNER~1\AppData\Local\Temp\186240941
2020-04-23T21:59:46.4513958Z === RUN   TestTermTestTestSuite/TestNotExitCode
2020-04-23T21:59:46.4515416Z === RUN   TestTermTestTestSuite/TestNotExitCode/is-0-expect-not-0
2020-04-23T21:59:46.4516163Z Spawning 'C:\Users\RUNNER~1\AppData\Local\Temp\898417795\sessionTester' from C:\Users\RUNNER~1\AppData\Local\Temp\314799400
2020-04-23T21:59:46.7029499Z === RUN   TestTermTestTestSuite/TestNotExitCode/is-1-expect-not-1
2020-04-23T21:59:46.7030777Z Spawning 'C:\Users\RUNNER~1\AppData\Local\Temp\898417795\sessionTester -exit1' from C:\Users\RUNNER~1\AppData\Local\Temp\180109927
2020-04-23T21:59:46.8531330Z === RUN   TestTermTestTestSuite/TestTermTest
2020-04-23T21:59:46.8944215Z === RUN   TestTermTestTestSuite/TestTermTest/expect_a_string
2020-04-23T21:59:46.8946945Z Spawning 'C:\Users\RUNNER~1\AppData\Local\Temp\898417795\sessionTester' from C:\Users\RUNNER~1\AppData\Local\Temp\556982426
2020-04-23T21:59:46.9161083Z gs @ match: 0 0
2020-04-23T21:59:47.1368281Z an expected string                                                              
2020-04-23T21:59:47.1372023Z 
2020-04-23T21:59:47.1372514Z 
2020-04-23T21:59:47.1386651Z === RUN   TestTermTestTestSuite/TestTermTest/exit_1
2020-04-23T21:59:47.1387377Z Spawning 'C:\Users\RUNNER~1\AppData\Local\Temp\898417795\sessionTester -exit1' from C:\Users\RUNNER~1\AppData\Local\Temp\546027313
2020-04-23T21:59:47.1618944Z gs @ match: 0 0
2020-04-23T21:59:47.2841828Z an expected string                                                              
2020-04-23T21:59:47.2842558Z 
2020-04-23T21:59:47.2842757Z 
2020-04-23T21:59:47.2843184Z === RUN   TestTermTestTestSuite/TestTermTest/with_filled_buffer
2020-04-23T21:59:47.2843520Z Spawning 'C:\Users\RUNNER~1\AppData\Local\Temp\898417795\sessionTester -fill-buffer' from C:\Users\RUNNER~1\AppData\Local\Temp\917699804
2020-04-23T21:59:47.3036799Z gs @ match: 0 0
2020-04-23T21:59:51.4424560Z an expected string                                                              
2020-04-23T21:59:51.4425251Z :000:567890123456789012345678901234567890123456789012345678901234567890123456789
2020-04-23T21:59:51.4425718Z :001:567890123456789012345678901234567890123456789012345678901234567890123456789
2020-04-23T21:59:51.4426113Z :002:567890123456789012345678901234567890123456789012345678901234567890123456789
2020-04-23T21:59:51.4426544Z :003:567890123456789012345678901234567890123456789012345678901234567890123456789
2020-04-23T21:59:51.4426974Z :004:567890123456789012345678901234567890123456789012345678901234567890123456789
2020-04-23T21:59:51.4427395Z :005:567890123456789012345678901234567890123456789012345678901234567890123456789
2020-04-23T21:59:51.4427818Z :006:567890123456789012345678901234567890123456789012345678901234567890123456789
2020-04-23T21:59:51.4430264Z :007:567890123456789012345678901234567890123456789012345678901234567890123456789
2020-04-23T21:59:51.4431376Z :008:567890123456789012345678901234567890123456789012345678901234567890123456789
2020-04-23T21:59:51.4432178Z :009:567890123456789012345678901234567890123456789012345678901234567890123456789
2020-04-23T21:59:51.4432665Z :010:567890123456789012345678901234567890123456789012345678901234567890123456789
2020-04-23T21:59:51.4433273Z :011:567890123456789012345678901234567890123456789012345678901234567890123456789
2020-04-23T21:59:51.4433799Z :012:567890123456789012345678901234567890123456789012345678901234567890123456789
2020-04-23T21:59:51.4434306Z :013:567890123456789012345678901234567890123456789012345678901234567890123456789
2020-04-23T21:59:51.4434819Z :014:567890123456789012345678901234567890123456789012345678901234567890123456789
2020-04-23T21:59:51.4435386Z :015:567890123456789012345678901234567890123456789012345678901234567890123456789
2020-04-23T21:59:51.4435850Z :016:567890123456789012345678901234567890123456789012345678901234567890123456789
2020-04-23T21:59:51.4436365Z :017:567890123456789012345678901234567890123456789012345678901234567890123456789
2020-04-23T21:59:51.4437058Z :018:567890123456789012345678901234567890123456789012345678901234567890123456789
2020-04-23T21:59:51.4437581Z :019:567890123456789012345678901234567890123456789012345678901234567890123456789
2020-04-23T21:59:51.4438099Z :020:567890123456789012345678901234567890123456789012345678901234567890123456789
2020-04-23T21:59:51.4438618Z :021:567890123456789012345678901234567890123456789012345678901234567890123456789
2020-04-23T21:59:51.4439130Z :022:567890123456789012345678901234567890123456789012345678901234567890123456789
2020-04-23T21:59:51.4439588Z :023:567890123456789012345678901234567890123456789012345678901234567890123456789
2020-04-23T21:59:51.4440323Z :024:567890123456789012345678901234567890123456789012345678901234567890123456789
2020-04-23T21:59:51.4440918Z :025:567890123456789012345678901234567890123456789012345678901234567890123456789
2020-04-23T21:59:51.4441448Z :026:567890123456789012345678901234567890123456789012345678901234567890123456789
2020-04-23T21:59:51.4441973Z :027:567890123456789012345678901234567890123456789012345678901234567890123456789
2020-04-23T21:59:51.4442468Z :028:56789012345678901234567890123456789012345678901234567890123456789012345679 
2020-04-23T21:59:51.4442923Z :029:567890123456789012345678901234567890123456789012345678901234567890123456789
2020-04-23T21:59:51.4443419Z :030:567890123456789012345678901234567890123456789012345678901234567890123456789
2020-04-23T21:59:51.4443918Z :031:567890123456789012345678901234567890123456789012345678901234567890123456789
2020-04-23T21:59:51.4444414Z :032:567890123456789012345678901234567890123456789012345678901234567890123456789
2020-04-23T21:59:51.4444940Z :033:567890123456789012345678901234567890123456789012345678901234567890123456789
2020-04-23T21:59:51.4445465Z :034:567890123456789012345678901234567890123456789012345678901234567890123456789
2020-04-23T21:59:51.4445921Z :035:567890123456789012345678901234567890123456789012345678901234567890123456789
2020-04-23T21:59:51.4446441Z :036:567890123456789012345678901234567890123456789012345678901234567890123456789
2020-04-23T21:59:51.4446959Z :037:567890123456789012345678901234567890123456789012345678901234567890123456789
2020-04-23T21:59:51.4447518Z :038:567890123456789012345678901234567890123456789012345678901234567890123456789
2020-04-23T21:59:51.4447968Z :039:567890123456789012345678901234567890123456789012345678901234567890123456789
2020-04-23T21:59:51.4448613Z :040:567890123456789012345678901234567890123456789012345678901234567890123456789
2020-04-23T21:59:51.4449050Z :041:567890123456789012345678901234567890123456789012345678901234567890123456789
2020-04-23T21:59:51.4449549Z :042:567890123456789012345678901234567890123456789012345678901234567890123456789
2020-04-23T21:59:51.4450123Z :043:567890123456789012345678901234567890123456789012345678901234567890123456789
2020-04-23T21:59:51.4451096Z :044:567890123456789012345678901234567890123456789012345678901234567890123456789
2020-04-23T21:59:51.4451536Z :045:567890123456789012345678901234567890123456789012345678901234567890123456789
2020-04-23T21:59:51.4451995Z :046:567890123456789012345678901234567890123456789012345678901234567890123456789
2020-04-23T21:59:51.4452424Z :047:567890123456789012345678901234567890123456789012345678901234567890123456789
2020-04-23T21:59:51.4452851Z :048:567890123456789012345678901234567890123456789012345678901234567890123456789
2020-04-23T21:59:51.4453420Z :049:567890123456789012345678901234567890123456789012345678901234567890123456789
2020-04-23T21:59:51.4453849Z :050:567890123456789012345678901234567890123456789012345678901234567890123456789
2020-04-23T21:59:51.4455120Z :051:567890123456789012345678901234567890123456789012345678901234567890123456789
2020-04-23T21:59:51.4456202Z :052:567890123456789012345678901234567890123456789012345678901234567890123456789
2020-04-23T21:59:51.4456939Z :053:567890123456789012345678901234567890123456789012345678901234567890123456789
2020-04-23T21:59:51.4457545Z :054:567890123456789012345678901234567890123456789012345678901234567890123456789
2020-04-23T21:59:51.4458377Z :055:567890123456789012345678901234567890123456789012345678901234567890123456789
2020-04-23T21:59:51.4459000Z :056:567890123456789012345678901234567890123456789012345678901234567890123456789
2020-04-23T21:59:51.4459535Z :057:567890123456789012345678901234567890123456789012345678901234567890123456789
2020-04-23T21:59:51.4460121Z :058:567890123456789012345678901234567890123456789012345678901234567890123456789
2020-04-23T21:59:51.4460717Z :059:567890123456789012345678901234567890123456789012345678901234567890123456789
2020-04-23T21:59:51.4461377Z :060:567890123456789012345678901234567890123456789012345678901234567890123456789
2020-04-23T21:59:51.4461994Z :061:567890123456789012345678901234567890123456789012345678901234567890123456789
2020-04-23T21:59:51.4462621Z :062:567890123456789012345678901234567890123456789012345678901234567890123456789
2020-04-23T21:59:51.4463214Z :063:567890123456789012345678901234567890123456789012345678901234567890123456789
2020-04-23T21:59:51.4463750Z :064:567890123456789012345678901234567890123456789012345678901234567890123456789
2020-04-23T21:59:51.4464352Z :065:567890123456789012345678901234567890123456789012345678901234567890123456789
2020-04-23T21:59:51.4464967Z :066:567890123456789012345678901234567890123456789012345678901234567890123456789
2020-04-23T21:59:51.4465576Z :067:567890123456789012345678901234567890123456789012345678901234567890123456789
2020-04-23T21:59:51.4466188Z :068:567890123456789012345678901234567890123456789012345678901234567890123456789
2020-04-23T21:59:51.4466851Z :069:567890123456789012345678901234567890123456789012345678901234567890123456789
2020-04-23T21:59:51.4467470Z :070:567890123456789012345678901234567890123456789012345678901234567890123456789
2020-04-23T21:59:51.4468116Z :071:567890123456789012345678901234567890123456789012345678901234567890123456789
2020-04-23T21:59:51.4468646Z :072:567890123456789012345678901234567890123456789012345678901234567890123456789
2020-04-23T21:59:51.4469359Z :073:567890123456789012345678901234567890123456789012345678901234567890123456789
2020-04-23T21:59:51.4469976Z :074:567890123456789012345678901234567890123456789012345678901234567890123456789
2020-04-23T21:59:51.4470589Z :075:567890123456789012345678901234567890123456789012345678901234567890123456789
2020-04-23T21:59:51.4471168Z :076:567890123456789012345678901234567890123456789012345678901234567890123456789
2020-04-23T21:59:51.4471749Z :077:567890123456789012345678901234567890123456789012345678901234567890123456789
2020-04-23T21:59:51.4472272Z :078:567890123456789012345678901234567890123456789012345678901234567890123456789
2020-04-23T21:59:51.4472859Z :079:567890123456789012345678901234567890123456789012345678901234567890123456789
2020-04-23T21:59:51.4473490Z :080:567890123456789012345678901234567890123456789012345678901234567890123456789
2020-04-23T21:59:51.4474195Z :081:567890123456789012345678901234567890123456789012345678901234567890123456789
2020-04-23T21:59:51.4474804Z :082:567890123456789012345678901234567890123456789012345678901234567890123456789
2020-04-23T21:59:51.4475474Z :083:567890123456789012345678901234567890123456789012345678901234567890123456789
2020-04-23T21:59:51.4475996Z :084:567890123456789012345678901234567890123456789012345678901234567890123456789
2020-04-23T21:59:51.4476580Z :085:567890123456789012345678901234567890123456789012345678901234567890123456789
2020-04-23T21:59:51.4477157Z :086:567890123456789012345678901234567890123456789012345678901234567890123456789
2020-04-23T21:59:51.4477726Z :087:56789012345678901234567890123456789012345678901234567890123456789012345679 
2020-04-23T21:59:51.4478301Z :088:567890123456789012345678901234567890123456789012345678901234567890123456789
2020-04-23T21:59:51.4478894Z :089:567890123456789012345678901234567890123456789012345678901234567890123456789
2020-04-23T21:59:51.4479472Z :090:567890123456789012345678901234567890123456789012345678901234567890123456789
2020-04-23T21:59:51.4479990Z :091:567890123456789012345678901234567890123456789012345678901234567890123456789
2020-04-23T21:59:51.4480653Z :092:567890123456789012345678901234567890123456789012345678901234567890123456789
2020-04-23T21:59:51.4481227Z :093:567890123456789012345678901234567890123456789012345678901234567890123456789
2020-04-23T21:59:51.4481793Z :094:567890123456789012345678901234567890123456789012345678901234567890123456789
2020-04-23T21:59:51.4482363Z :095:567890123456789012345678901234567890123456789012345678901234567890123456789
2020-04-23T21:59:51.4482931Z :096:567890123456789012345678901234567890123456789012345678901234567890123456789
2020-04-23T21:59:51.4483481Z :097:567890123456789012345678901234567890123456789012345678901234567890123456789
2020-04-23T21:59:51.4484055Z :098:567890123456789012345678901234567890123456789012345678901234567890123456789
2020-04-23T21:59:51.4484669Z :099:567890123456789012345678901234567890123456789012345678901234567890123456789
2020-04-23T21:59:51.4485382Z :100:567890123456789012345678901234567890123456789012345678901234567890123456789
2020-04-23T21:59:51.4485914Z :101:567890123456789012345678901234567890123456789012345678901234567890123456789
2020-04-23T21:59:51.4486485Z :102:567890123456789012345678901234567890123456789012345678901234567890123456789
2020-04-23T21:59:51.4487190Z :103:567890123456789012345678901234567890123456789012345678901234567890123456789
2020-04-23T21:59:51.4487765Z :104:567890123456789012345678901234567890123456789012345678901234567890123456789
2020-04-23T21:59:51.4488338Z :105:567890123456789012345678901234567890123456789012345678901234567890123456789
2020-04-23T21:59:51.4488907Z :106:567890123456789012345678901234567890123456789012345678901234567890123456789
2020-04-23T21:59:51.4489426Z :107:567890123456789012345678901234567890123456789012345678901234567890123456789
2020-04-23T21:59:51.4490026Z :108:567890123456789012345678901234567890123456789012345678901234567890123456789
2020-04-23T21:59:51.4490597Z :109:567890123456789012345678901234567890123456789012345678901234567890123456789
2020-04-23T21:59:51.4491172Z :110:567890123456789012345678901234567890123456789012345678901234567890123456789
2020-04-23T21:59:51.4491740Z :111:567890123456789012345678901234567890123456789012345678901234567890123456789
2020-04-23T21:59:51.4492309Z :112:567890123456789012345678901234567890123456789012345678901234567890123456789
2020-04-23T21:59:51.4492824Z :113:567890123456789012345678901234567890123456789012345678901234567890123456789
2020-04-23T21:59:51.4493397Z :114:567890123456789012345678901234567890123456789012345678901234567890123456789
2020-04-23T21:59:51.4493992Z :115:567890123456789012345678901234567890123456789012345678901234567890123456789
2020-04-23T21:59:51.4494565Z :116:567890123456789012345678901234567890123456789012345678901234567890123456789
2020-04-23T21:59:51.4495271Z :117:567890123456789012345678901234567890123456789012345678901234567890123456789
2020-04-23T21:59:51.4495864Z :118:567890123456789012345678901234567890123456789012345678901234567890123456789
2020-04-23T21:59:51.4496388Z :119:567890123456789012345678901234567890123456789012345678901234567890123456789
2020-04-23T21:59:51.4496961Z :120:567890123456789012345678901234567890123456789012345678901234567890123456789
2020-04-23T21:59:51.4497534Z :121:567890123456789012345678901234567890123456789012345678901234567890123456789
2020-04-23T21:59:51.4498103Z :122:567890123456789012345678901234567890123456789012345678901234567890123456789
2020-04-23T21:59:51.4498674Z :123:567890123456789012345678901234567890123456789012345678901234567890123456789
2020-04-23T21:59:51.4499268Z :124:567890123456789012345678901234567890123456789012345678901234567890123456789
2020-04-23T21:59:51.4499787Z :125:567890123456789012345678901234567890123456789012345678901234567890123456789
2020-04-23T21:59:51.4500366Z :126:567890123456789012345678901234567890123456789012345678901234567890123456789
2020-04-23T21:59:51.4500959Z :127:567890123456789012345678901234567890123456789012345678901234567890123456789
2020-04-23T21:59:51.4501536Z :128:567890123456789012345678901234567890123456789012345678901234567890123456789
2020-04-23T21:59:51.4502186Z :129:567890123456789012345678901234567890123456789012345678901234567890123456789
2020-04-23T21:59:51.4502756Z :130:567890123456789012345678901234567890123456789012345678901234567890123456789
2020-04-23T21:59:51.4503349Z :131:567890123456789012345678901234567890123456789012345678901234567890123456789
2020-04-23T21:59:51.4503916Z :132:567890123456789012345678901234567890123456789012345678901234567890123456789
2020-04-23T21:59:51.4504486Z :133:567890123456789012345678901234567890123456789012345678901234567890123456789
2020-04-23T21:59:51.4505002Z :134:567890123456789012345678901234567890123456789012345678901234567890123456789
2020-04-23T21:59:51.4505673Z :135:567890123456789012345678901234567890123456789012345678901234567890123456789
2020-04-23T21:59:51.4506253Z :136:567890123456789012345678901234567890123456789012345678901234567890123456789
2020-04-23T21:59:51.4506833Z :137:567890123456789012345678901234567890123456789012345678901234567890123456789
2020-04-23T21:59:51.4507410Z :138:567890123456789012345678901234567890123456789012345678901234567890123456789
2020-04-23T21:59:51.4507979Z :139:567890123456789012345678901234567890123456789012345678901234567890123456789
2020-04-23T21:59:51.4508498Z :140:567890123456789012345678901234567890123456789012345678901234567890123456789
2020-04-23T21:59:51.4509071Z :141:567890123456789012345678901234567890123456789012345678901234567890123456789
2020-04-23T21:59:51.4509643Z :142:567890123456789012345678901234567890123456789012345678901234567890123456789
2020-04-23T21:59:51.4510239Z :143:567890123456789012345678901234567890123456789012345678901234567890123456789
2020-04-23T21:59:51.4510824Z :144:567890123456789012345678901234567890123456789012345678901234567890123456789
2020-04-23T21:59:51.4511406Z :145:567890123456789012345678901234567890123456789012345678901234567890123456789
2020-04-23T21:59:51.4511926Z :146:567890123456789012345678901234567890123456789012345678901234567890123456789
2020-04-23T21:59:51.4512504Z :147:567890123456789012345678901234567890123456789012345678901234567890123456789
2020-04-23T21:59:51.4513073Z :148:567890123456789012345678901234567890123456789012345678901234567890123456789
2020-04-23T21:59:51.4513655Z :149:567890123456789012345678901234567890123456789012345678901234567890123456789
2020-04-23T21:59:51.4514293Z :150:567890123456789012345678901234567890123456789012345678901234567890123456789
2020-04-23T21:59:51.4514874Z :151:567890123456789012345678901234567890123456789012345678901234567890123456789
2020-04-23T21:59:51.4515391Z :152:567890123456789012345678901234567890123456789012345678901234567890123456789
2020-04-23T21:59:51.4515988Z :153:567890123456789012345678901234567890123456789012345678901234567890123456789
2020-04-23T21:59:51.4517178Z :154:567890123456789012345678901234567890123456789012345678901234567890123456789
2020-04-23T21:59:51.4517823Z :155:567890123456789012345678901234567890123456789012345678901234567890123456789
2020-04-23T21:59:51.4518405Z :156:567890123456789012345678901234567890123456789012345678901234567890123456789
2020-04-23T21:59:51.4518979Z :157:567890123456789012345678901234567890123456789012345678901234567890123456789
2020-04-23T21:59:51.4519559Z :158:567890123456789012345678901234567890123456789012345678901234567890123456789
2020-04-23T21:59:51.4520075Z :159:567890123456789012345678901234567890123456789012345678901234567890123456789
2020-04-23T21:59:51.4520650Z :160:567890123456789012345678901234567890123456789012345678901234567890123456789
2020-04-23T21:59:51.4521228Z :161:567890123456789012345678901234567890123456789012345678901234567890123456789
2020-04-23T21:59:51.4521849Z :162:567890123456789012345678901234567890123456789012345678901234567890123456789
2020-04-23T21:59:51.4522366Z :163:567890123456789012345678901234567890123456789012345678901234567890123456789
2020-04-23T21:59:51.4523012Z :164:567890123456789012345678901234567890123456789012345678901234567890123456789
2020-04-23T21:59:51.4523666Z :165:567890123456789012345678901234567890123456789012345678901234567890123456789
2020-04-23T21:59:51.4524322Z :166:567890123456789012345678901234567890123456789012345678901234567890123456789
2020-04-23T21:59:51.4524917Z :167:567890123456789012345678901234567890123456789012345678901234567890123456789
2020-04-23T21:59:51.4525509Z :168:567890123456789012345678901234567890123456789012345678901234567890123456789
2020-04-23T21:59:51.4526023Z :169:567890123456789012345678901234567890123456789012345678901234567890123456789
2020-04-23T21:59:51.4526618Z :170:567890123456789012345678901234567890123456789012345678901234567890123456789
2020-04-23T21:59:51.4527236Z :171:567890123456789012345678901234567890123456789012345678901234567890123456789
2020-04-23T21:59:51.4527877Z :172:567890123456789012345678901234567890123456789012345678901234567890123456789
2020-04-23T21:59:51.4528500Z :173:567890123456789012345678901234567890123456789012345678901234567890123456789
2020-04-23T21:59:51.4529123Z :174:567890123456789012345678901234567890123456789012345678901234567890123456789
2020-04-23T21:59:51.4529644Z :175:567890123456789012345678901234567890123456789012345678901234567890123456789
2020-04-23T21:59:51.4530216Z :176:567890123456789012345678901234567890123456789012345678901234567890123456789
2020-04-23T21:59:51.4530802Z :177:567890123456789012345678901234567890123456789012345678901234567890123456789
2020-04-23T21:59:51.4531367Z :178:567890123456789012345678901234567890123456789012345678901234567890123456789
2020-04-23T21:59:51.4531947Z :179:567890123456789012345678901234567890123456789012345678901234567890123456789
2020-04-23T21:59:51.4532526Z :180:567890123456789012345678901234567890123456789012345678901234567890123456789
2020-04-23T21:59:51.4533042Z :181:567890123456789012345678901234567890123456789012345678901234567890123456789
2020-04-23T21:59:51.4533636Z :182:567890123456789012345678901234567890123456789012345678901234567890123456789
2020-04-23T21:59:51.4534240Z :183:567890123456789012345678901234567890123456789012345678901234567890123456789
2020-04-23T21:59:51.4534829Z :184:567890123456789012345678901234567890123456789012345678901234567890123456789
2020-04-23T21:59:51.4535432Z :185:56789012345678901234567890123456789012345678901234567890123456789012345679 
2020-04-23T21:59:51.4536030Z :186:567890123456789012345678901234567890123456789012345678901234567890123456789
2020-04-23T21:59:51.4536543Z :187:567890123456789012345678901234567890123456789012345678901234567890123456789
2020-04-23T21:59:51.4537116Z :188:567890123456789012345678901234567890123456789012345678901234567890123456789
2020-04-23T21:59:51.4537709Z :189:567890123456789012345678901234567890123456789012345678901234567890123456789
2020-04-23T21:59:51.4538311Z :190:567890123456789012345678901234567890123456789012345678901234567890123456789
2020-04-23T21:59:51.4538983Z :191:567890123456789012345678901234567890123456789012345678901234567890123456789
2020-04-23T21:59:51.4539593Z :192:567890123456789012345678901234567890123456789012345678901234567890123456789
2020-04-23T21:59:51.4540134Z :193:567890123456789012345678901234567890123456789012345678901234567890123456789
2020-04-23T21:59:51.4540781Z :194:567890123456789012345678901234567890123456789012345678901234567890123456789
2020-04-23T21:59:51.4541365Z :195:567890123456789012345678901234567890123456789012345678901234567890123456789
2020-04-23T21:59:51.4541935Z :196:567890123456789012345678901234567890123456789012345678901234567890123456789
2020-04-23T21:59:51.4542537Z :197:567890123456789012345678901234567890123456789012345678901234567890123456789
2020-04-23T21:59:51.4543123Z :198:567890123456789012345678901234567890123456789012345678901234567890123456789
2020-04-23T21:59:51.4543724Z :199:567890123456789012345678901234567890123456789012345678901234567890123456789
2020-04-23T21:59:51.4544336Z :200:567890123456789012345678901234567890123456789012345678901234567890123456789
2020-04-23T21:59:51.4545056Z :201:567890123456789012345678901234567890123456789012345678901234567890123456789
2020-04-23T21:59:51.4546170Z :202:567890123456789012345678901234567890123456789012345678901234567890123456789
2020-04-23T21:59:51.4546940Z :203:567890123456789012345678901234567890123456789012345678901234567890123456789
2020-04-23T21:59:51.4547658Z :204:567890123456789012345678901234567890123456789012345678901234567890123456789
2020-04-23T21:59:51.4548252Z :205:567890123456789012345678901234567890123456789012345678901234567890123456789
2020-04-23T21:59:51.4548845Z :206:567890123456789012345678901234567890123456789012345678901234567890123456789
2020-04-23T21:59:51.4549430Z :207:567890123456789012345678901234567890123456789012345678901234567890123456789
2020-04-23T21:59:51.4549947Z :208:567890123456789012345678901234567890123456789012345678901234567890123456789
2020-04-23T21:59:51.4550576Z :209:567890123456789012345678901234567890123456789012345678901234567890123456789
2020-04-23T21:59:51.4551180Z :210:567890123456789012345678901234567890123456789012345678901234567890123456789
2020-04-23T21:59:51.4551774Z :211:567890123456789012345678901234567890123456789012345678901234567890123456789
2020-04-23T21:59:51.4552873Z :212:567890123456789012345678901234567890123456789012345678901234567890123456789
2020-04-23T21:59:51.4553842Z :213:567890123456789012345678901234567890123456789012345678901234567890123456789
2020-04-23T21:59:51.4554235Z :214:567890123456789012345678901234567890123456789012345678901234567890123456789
2020-04-23T21:59:51.4554702Z :215:567890123456789012345678901234567890123456789012345678901234567890123456789
2020-04-23T21:59:51.4555149Z :216:567890123456789012345678901234567890123456789012345678901234567890123456789
2020-04-23T21:59:51.4555572Z :217:567890123456789012345678901234567890123456789012345678901234567890123456789
2020-04-23T21:59:51.4556063Z :218:567890123456789012345678901234567890123456789012345678901234567890123456789
2020-04-23T21:59:51.4556523Z :219:567890123456789012345678901234567890123456789012345678901234567890123456789
2020-04-23T21:59:51.4556876Z :220:567890123456789012345678901234567890123456789012345678901234567890123456789
2020-04-23T21:59:51.4557529Z :221:567890123456789012345678901234567890123456789012345678901234567890123456789
2020-04-23T21:59:51.4558087Z :222:567890123456789012345678901234567890123456789012345678901234567890123456789
2020-04-23T21:59:51.4558761Z :223:567890123456789012345678901234567890123456789012345678901234567890123456789
2020-04-23T21:59:51.4559220Z :224:567890123456789012345678901234567890123456789012345678901234567890123456789
2020-04-23T21:59:51.4559607Z :225:567890123456789012345678901234567890123456789012345678901234567890123456789
2020-04-23T21:59:51.4560069Z :226:567890123456789012345678901234567890123456789012345678901234567890123456789
2020-04-23T21:59:51.4560572Z :227:567890123456789012345678901234567890123456789012345678901234567890123456789
2020-04-23T21:59:51.4561126Z :228:567890123456789012345678901234567890123456789012345678901234567890123456789
2020-04-23T21:59:51.4561560Z :229:567890123456789012345678901234567890123456789012345678901234567890123456789
2020-04-23T21:59:51.4561988Z :230:567890123456789012345678901234567890123456789012345678901234567890123456789
2020-04-23T21:59:51.4562364Z :231:567890123456789012345678901234567890123456789012345678901234567890123456789
2020-04-23T21:59:51.4562785Z :232:567890123456789012345678901234567890123456789012345678901234567890123456789
2020-04-23T21:59:51.4563205Z :233:567890123456789012345678901234567890123456789012345678901234567890123456789
2020-04-23T21:59:51.4563622Z :234:567890123456789012345678901234567890123456789012345678901234567890123456789
2020-04-23T21:59:51.4564042Z :235:567890123456789012345678901234567890123456789012345678901234567890123456789
2020-04-23T21:59:51.4564479Z :236:567890123456789012345678901234567890123456789012345678901234567890123456789
2020-04-23T21:59:51.4564860Z :237:567890123456789012345678901234567890123456789012345678901234567890123456789
2020-04-23T21:59:51.4565280Z :238:567890123456789012345678901234567890123456789012345678901234567890123456789
2020-04-23T21:59:51.4565779Z :239:567890123456789012345678901234567890123456789012345678901234567890123456789
2020-04-23T21:59:51.4566199Z :240:567890123456789012345678901234567890123456789012345678901234567890123456789
2020-04-23T21:59:51.4566631Z :241:567890123456789012345678901234567890123456789012345678901234567890123456789
2020-04-23T21:59:51.4567072Z :242:567890123456789012345678901234567890123456789012345678901234567890123456789
2020-04-23T21:59:51.4567443Z :243:567890123456789012345678901234567890123456789012345678901234567890123456789
2020-04-23T21:59:51.4567864Z :244:567890123456789012345678901234567890123456789012345678901234567890123456789
2020-04-23T21:59:51.4568283Z :245:567890123456789012345678901234567890123456789012345678901234567890123456789
2020-04-23T21:59:51.4568718Z :246:567890123456789012345678901234567890123456789012345678901234567890123456789
2020-04-23T21:59:51.4569140Z :247:567890123456789012345678901234567890123456789012345678901234567890123456789
2020-04-23T21:59:51.4569556Z :248:567890123456789012345678901234567890123456789012345678901234567890123456789
2020-04-23T21:59:51.4569983Z :249:567890123456789012345678901234567890123456789012345678901234567890123456789
2020-04-23T21:59:51.4570476Z :250:567890123456789012345678901234567890123456789012345678901234567890123456789
2020-04-23T21:59:51.4571069Z :251:567890123456789012345678901234567890123456789012345678901234567890123456789
2020-04-23T21:59:51.4571495Z :252:567890123456789012345678901234567890123456789012345678901234567890123456789
2020-04-23T21:59:51.4571914Z :253:567890123456789012345678901234567890123456789012345678901234567890123456789
2020-04-23T21:59:51.4572335Z :254:567890123456789012345678901234567890123456789012345678901234567890123456789
2020-04-23T21:59:51.4572731Z :255:567890123456789012345678901234567890123456789012345678901234567890123456789
2020-04-23T21:59:51.4573383Z :256:567890123456789012345678901234567890123456789012345678901234567890123456789
2020-04-23T21:59:51.4573850Z :257:567890123456789012345678901234567890123456789012345678901234567890123456789
2020-04-23T21:59:51.4574226Z :258:567890123456789012345678901234567890123456789012345678901234567890123456789
2020-04-23T21:59:51.4574649Z :259:567890123456789012345678901234567890123456789012345678901234567890123456789
2020-04-23T21:59:51.4575461Z :260:567890123456789012345678901234567890123456789012345678901234567890123456789
2020-04-23T21:59:51.4575884Z :261:567890123456789012345678901234567890123456789012345678901234567890123456789
2020-04-23T21:59:51.4576331Z :262:567890123456789012345678901234567890123456789012345678901234567890123456789
2020-04-23T21:59:51.4576753Z :263:567890123456789012345678901234567890123456789012345678901234567890123456789
2020-04-23T21:59:51.4577128Z :264:567890123456789012345678901234567890123456789012345678901234567890123456789
2020-04-23T21:59:51.4577642Z :265:567890123456789012345678901234567890123456789012345678901234567890123456789
2020-04-23T21:59:51.4578075Z :266:567890123456789012345678901234567890123456789012345678901234567890123456789
2020-04-23T21:59:51.4578497Z :267:567890123456789012345678901234567890123456789012345678901234567890123456789
2020-04-23T21:59:51.4704147Z :268:567890123456789012345678901234567890123456789012345678901234567890123456789
2020-04-23T21:59:51.4719974Z :269:567890123456789012345678901234567890123456789012345678901234567890123456789
2020-04-23T21:59:51.4720722Z :270:567890123456789012345678901234567890123456789012345678901234567890123456789
2020-04-23T21:59:51.4748411Z :271:567890123456789012345678901234567890123456789012345678901234567890123456789
2020-04-23T21:59:51.4748957Z :272:567890123456789012345678901234567890123456789012345678901234567890123456789
2020-04-23T21:59:51.4749705Z :273:567890123456789012345678901234567890123456789012345678901234567890123456789
2020-04-23T21:59:51.4750463Z :274:567890123456789012345678901234567890123456789012345678901234567890123456789
2020-04-23T21:59:51.4750782Z :275:567890123456789012345678901234567890123456789012345678901234567890123456789
2020-04-23T21:59:51.4751406Z :276:567890123456789012345678901234567890123456789012345678901234567890123456789
2020-04-23T21:59:51.4751814Z :277:567890123456789012345678901234567890123456789012345678901234567890123456789
2020-04-23T21:59:51.4752212Z :278:567890123456789012345678901234567890123456789012345678901234567890123456789
2020-04-23T21:59:51.4752584Z :279:567890123456789012345678901234567890123456789012345678901234567890123456789
2020-04-23T21:59:51.4754814Z :280:567890123456789012345678901234567890123456789012345678901234567890123456789
2020-04-23T21:59:51.4816072Z :281:567890123456789012345678901234567890123456789012345678901234567890123456789
2020-04-23T21:59:51.4838361Z :282:567890123456789012345678901234567890123456789012345678901234567890123456789
2020-04-23T21:59:51.4848112Z :283:567890123456789012345678901234567890123456789012345678901234567890123456789
2020-04-23T21:59:51.4848918Z :284:567890123456789012345678901234567890123456789012345678901234567890123456789
2020-04-23T21:59:51.4849525Z :285:567890123456789012345678901234567890123456789012345678901234567890123456789
2020-04-23T21:59:51.4850049Z :286:567890123456789012345678901234567890123456789012345678901234567890123456789
2020-04-23T21:59:51.4850528Z :287:567890123456789012345678901234567890123456789012345678901234567890123456789
2020-04-23T21:59:51.4850947Z :288:567890123456789012345678901234567890123456789012345678901234567890123456789
2020-04-23T21:59:51.4851347Z :289:567890123456789012345678901234567890123456789012345678901234567890123456789
2020-04-23T21:59:51.4851731Z :290:567890123456789012345678901234567890123456789012345678901234567890123456789
2020-04-23T21:59:51.4852128Z :291:567890123456789012345678901234567890123456789012345678901234567890123456789
2020-04-23T21:59:51.4852533Z :292:567890123456789012345678901234567890123456789012345678901234567890123456789
2020-04-23T21:59:51.4852946Z :293:567890123456789012345678901234567890123456789012345678901234567890123456789
2020-04-23T21:59:51.4853348Z :294:567890123456789012345678901234567890123456789012345678901234567890123456789
2020-04-23T21:59:51.4853752Z :295:567890123456789012345678901234567890123456789012345678901234567890123456789
2020-04-23T21:59:51.4854133Z :296:567890123456789012345678901234567890123456789012345678901234567890123456789
2020-04-23T21:59:51.4854533Z :297:567890123456789012345678901234567890123456789012345678901234567890123456789
2020-04-23T21:59:51.4854933Z :298:567890123456789012345678901234567890123456789012345678901234567890123456789
2020-04-23T21:59:51.4855338Z :299:567890123456789012345678901234567890123456789012345678901234567890123456789
2020-04-23T21:59:51.4855703Z                                                                                 
2020-04-23T21:59:51.4855884Z 
2020-04-23T21:59:51.4856069Z 
2020-04-23T21:59:51.4856483Z === RUN   TestTermTestTestSuite/TestTermTest/stuttering
2020-04-23T21:59:51.4857286Z Spawning 'C:\Users\RUNNER~1\AppData\Local\Temp\898417795\sessionTester -stutter' from C:\Users\RUNNER~1\AppData\Local\Temp\931064459
2020-04-23T21:59:51.4996329Z gs @ match: 0 0
2020-04-23T21:59:52.6365977Z an expected string                                                              
2020-04-23T21:59:52.6366974Z stuttered 1 times                                                               
2020-04-23T21:59:52.6367728Z stuttered 2 times                                                               
2020-04-23T21:59:52.6368575Z stuttered 3 times                                                               
2020-04-23T21:59:52.6369176Z stuttered 4 times                                                               
2020-04-23T21:59:52.6369732Z stuttered 5 times                                                               
2020-04-23T21:59:52.6370309Z stuttered 6 times                                                               
2020-04-23T21:59:52.6370926Z stuttered 7 times                                                               
2020-04-23T21:59:52.6371496Z stuttered 8 times                                                               
2020-04-23T21:59:52.6372313Z stuttered 9 times                                                               
2020-04-23T21:59:52.6372881Z stuttered 10 times                                                              
2020-04-23T21:59:52.6373447Z stuttered 11 times                                                              
2020-04-23T21:59:52.6373991Z stuttered 12 times                                                              
2020-04-23T21:59:52.6374554Z stuttered 13 times                                                              
2020-04-23T21:59:52.6375123Z stuttered 14 times                                                              
2020-04-23T21:59:52.6375682Z stuttered 15 times                                                              
2020-04-23T21:59:52.6376252Z stuttered 16 times                                                              
2020-04-23T21:59:52.6376889Z stuttered 17 times                                                              
2020-04-23T21:59:52.6377443Z stuttered 18 times                                                              
2020-04-23T21:59:52.6378200Z stuttered 19 times                                                              
2020-04-23T21:59:52.6378794Z stuttered 20 times                                                              
2020-04-23T21:59:52.6379122Z 
2020-04-23T21:59:52.6379396Z 
2020-04-23T21:59:52.6433243Z === RUN   TestTermTestTestSuite/TestTimeout
2020-04-23T21:59:52.6437171Z Spawning 'C:\Users\RUNNER~1\AppData\Local\Temp\898417795\sessionTester -sleep' from C:\Users\RUNNER~1\AppData\Local\Temp\097802350
2020-04-23T21:59:52.9005046Z 2020/04/23 21:59:52 killing process after timeout
2020-04-23T21:59:52.9120332Z --- FAIL: TestTermTestTestSuite (7.44s)
2020-04-23T21:59:52.9121029Z     --- PASS: TestTermTestTestSuite/TestExitCode (0.30s)
2020-04-23T21:59:52.9121955Z         --- PASS: TestTermTestTestSuite/TestExitCode/is-0-expect-1 (0.16s)
2020-04-23T21:59:52.9122297Z         --- PASS: TestTermTestTestSuite/TestExitCode/is-1-expect-0 (0.14s)
2020-04-23T21:59:52.9122604Z     --- PASS: TestTermTestTestSuite/TestNotExitCode (0.40s)
2020-04-23T21:59:52.9122918Z         --- PASS: TestTermTestTestSuite/TestNotExitCode/is-0-expect-not-0 (0.25s)
2020-04-23T21:59:52.9123249Z         --- PASS: TestTermTestTestSuite/TestNotExitCode/is-1-expect-not-1 (0.15s)
2020-04-23T21:59:52.9123542Z     --- FAIL: TestTermTestTestSuite/TestTermTest (5.79s)
2020-04-23T21:59:52.9123848Z         --- FAIL: TestTermTestTestSuite/TestTermTest/expect_a_string (0.24s)
2020-04-23T21:59:52.9125292Z             conproc_test.go:114: 
2020-04-23T21:59:52.9125950Z                 	Error Trace:	conproc_test.go:114
2020-04-23T21:59:52.9126333Z                 	            				suite.go:77
2020-04-23T21:59:52.9126895Z                 	Error:      	Not equal: 
2020-04-23T21:59:52.9127314Z                 	            	expected: ""
2020-04-23T21:59:52.9127587Z                 	            	actual  : "an expected string"
2020-04-23T21:59:52.9127851Z                 	            	
2020-04-23T21:59:52.9128105Z                 	            	Diff:
2020-04-23T21:59:52.9128364Z                 	            	--- Expected
2020-04-23T21:59:52.9128620Z                 	            	+++ Actual
2020-04-23T21:59:52.9128862Z                 	            	@@ -1 +1 @@
2020-04-23T21:59:52.9129102Z                 	            	-
2020-04-23T21:59:52.9129370Z                 	            	+an expected string
2020-04-23T21:59:52.9129842Z                 	Test:       	TestTermTestTestSuite/TestTermTest/expect_a_string
2020-04-23T21:59:52.9130134Z                 	Messages:   	raw buffer
2020-04-23T21:59:52.9130431Z         --- FAIL: TestTermTestTestSuite/TestTermTest/exit_1 (0.15s)
2020-04-23T21:59:52.9130794Z             conproc_test.go:114: 
2020-04-23T21:59:52.9131060Z                 	Error Trace:	conproc_test.go:114
2020-04-23T21:59:52.9131355Z                 	            				suite.go:77
2020-04-23T21:59:52.9131628Z                 	Error:      	Not equal: 
2020-04-23T21:59:52.9132005Z                 	            	expected: ""
2020-04-23T21:59:52.9132599Z                 	            	actual  : "an expected string"
2020-04-23T21:59:52.9132767Z                 	            	
2020-04-23T21:59:52.9132936Z                 	            	Diff:
2020-04-23T21:59:52.9133113Z                 	            	--- Expected
2020-04-23T21:59:52.9133287Z                 	            	+++ Actual
2020-04-23T21:59:52.9133432Z                 	            	@@ -1 +1 @@
2020-04-23T21:59:52.9133587Z                 	            	-
2020-04-23T21:59:52.9133800Z                 	            	+an expected string
2020-04-23T21:59:52.9134136Z                 	Test:       	TestTermTestTestSuite/TestTermTest/exit_1
2020-04-23T21:59:52.9134335Z                 	Messages:   	raw buffer
2020-04-23T21:59:52.9134525Z         --- FAIL: TestTermTestTestSuite/TestTermTest/with_filled_buffer (4.19s)
2020-04-23T21:59:52.9134725Z             conproc_test.go:114: 
2020-04-23T21:59:52.9134895Z                 	Error Trace:	conproc_test.go:114
2020-04-23T21:59:52.9135076Z                 	            				suite.go:77
2020-04-23T21:59:52.9135242Z                 	Error:      	Not equal: 
2020-04-23T21:59:52.9139625Z                 	            	expected: ":000:567890123456789012345678901234567890123456789012345678901234567890123456789:001:567890123456789012345678901234567890123456789012345678901234567890123456789:002:567890123456789012345678901234567890123456789012345678901234567890123456789:003:567890123456789012345678901234567890123456789012345678901234567890123456789:004:567890123456789012345678901234567890123456789012345678901234567890123456789:005:567890123456789012345678901234567890123456789012345678901234567890123456789:006:567890123456789012345678901234567890123456789012345678901234567890123456789:007:567890123456789012345678901234567890123456789012345678901234567890123456789:008:567890123456789012345678901234567890123456789012345678901234567890123456789:009:567890123456789012345678901234567890123456789012345678901234567890123456789:010:567890123456789012345678901234567890123456789012345678901234567890123456789:011:567890123456789012345678901234567890123456789012345678901234567890123456789:012:567890123456789012345678901234567890123456789012345678901234567890123456789:013:567890123456789012345678901234567890123456789012345678901234567890123456789:014:567890123456789012345678901234567890123456789012345678901234567890123456789:015:567890123456789012345678901234567890123456789012345678901234567890123456789:016:567890123456789012345678901234567890123456789012345678901234567890123456789:017:567890123456789012345678901234567890123456789012345678901234567890123456789:018:567890123456789012345678901234567890123456789012345678901234567890123456789:019:567890123456789012345678901234567890123456789012345678901234567890123456789:020:567890123456789012345678901234567890123456789012345678901234567890123456789:021:567890123456789012345678901234567890123456789012345678901234567890123456789:022:567890123456789012345678901234567890123456789012345678901234567890123456789:023:567890123456789012345678901234567890123456789012345678901234567890123456789:024:567890123456789012345678901234567890123456789012345678901234567890123456789:025:567890123456789012345678901234567890123456789012345678901234567890123456789:026:567890123456789012345678901234567890123456789012345678901234567890123456789:027:567890123456789012345678901234567890123456789012345678901234567890123456789:028:567890123456789012345678901234567890123456789012345678901234567890123456789:029:567890123456789012345678901234567890123456789012345678901234567890123456789:030:567890123456789012345678901234567890123456789012345678901234567890123456789:031:567890123456789012345678901234567890123456789012345678901234567890123456789:032:567890123456789012345678901234567890123456789012345678901234567890123456789:033:567890123456789012345678901234567890123456789012345678901234567890123456789:034:567890123456789012345678901234567890123456789012345678901234567890123456789:035:567890123456789012345678901234567890123456789012345678901234567890123456789:036:567890123456789012345678901234567890123456789012345678901234567890123456789:037:567890123456789012345678901234567890123456789012345678901234567890123456789:038:567890123456789012345678901234567890123456789012345678901234567890123456789:039:567890123456789012345678901234567890123456789012345678901234567890123456789:040:567890123456789012345678901234567890123456789012345678901234567890123456789:041:567890123456789012345678901234567890123456789012345678901234567890123456789:042:567890123456789012345678901234567890123456789012345678901234567890123456789:043:567890123456789012345678901234567890123456789012345678901234567890123456789:044:567890123456789012345678901234567890123456789012345678901234567890123456789:045:567890123456789012345678901234567890123456789012345678901234567890123456789:046:567890123456789012345678901234567890123456789012345678901234567890123456789:047:567890123456789012345678901234567890123456789012345678901234567890123456789:048:567890123456789012345678901234567890123456789012345678901234567890123456789:049:567890123456789012345678901234567890123456789012345678901234567890123456789:050:567890123456789012345678901234567890123456789012345678901234567890123456789:051:567890123456789012345678901234567890123456789012345678901234567890123456789:052:567890123456789012345678901234567890123456789012345678901234567890123456789:053:567890123456789012345678901234567890123456789012345678901234567890123456789:054:567890123456789012345678901234567890123456789012345678901234567890123456789:055:567890123456789012345678901234567890123456789012345678901234567890123456789:056:567890123456789012345678901234567890123456789012345678901234567890123456789:057:567890123456789012345678901234567890123456789012345678901234567890123456789:058:567890123456789012345678901234567890123456789012345678901234567890123456789:059:567890123456789012345678901234567890123456789012345678901234567890123456789:060:567890123456789012345678901234567890123456789012345678901234567890123456789:061:567890123456789012345678901234567890123456789012345678901234567890123456789:062:567890123456789012345678901234567890123456789012345678901234567890123456789:063:567890123456789012345678901234567890123456789012345678901234567890123456789:064:567890123456789012345678901234567890123456789012345678901234567890123456789:065:567890123456789012345678901234567890123456789012345678901234567890123456789:066:567890123456789012345678901234567890123456789012345678901234567890123456789:067:567890123456789012345678901234567890123456789012345678901234567890123456789:068:567890123456789012345678901234567890123456789012345678901234567890123456789:069:567890123456789012345678901234567890123456789012345678901234567890123456789:070:567890123456789012345678901234567890123456789012345678901234567890123456789:071:567890123456789012345678901234567890123456789012345678901234567890123456789:072:567890123456789012345678901234567890123456789012345678901234567890123456789:073:567890123456789012345678901234567890123456789012345678901234567890123456789:074:567890123456789012345678901234567890123456789012345678901234567890123456789:075:567890123456789012345678901234567890123456789012345678901234567890123456789:076:567890123456789012345678901234567890123456789012345678901234567890123456789:077:567890123456789012345678901234567890123456789012345678901234567890123456789:078:567890123456789012345678901234567890123456789012345678901234567890123456789:079:567890123456789012345678901234567890123456789012345678901234567890123456789:080:567890123456789012345678901234567890123456789012345678901234567890123456789:081:567890123456789012345678901234567890123456789012345678901234567890123456789:082:567890123456789012345678901234567890123456789012345678901234567890123456789:083:567890123456789012345678901234567890123456789012345678901234567890123456789:084:567890123456789012345678901234567890123456789012345678901234567890123456789:085:567890123456789012345678901234567890123456789012345678901234567890123456789:086:567890123456789012345678901234567890123456789012345678901234567890123456789:087:567890123456789012345678901234567890123456789012345678901234567890123456789:088:567890123456789012345678901234567890123456789012345678901234567890123456789:089:567890123456789012345678901234567890123456789012345678901234567890123456789:090:567890123456789012345678901234567890123456789012345678901234567890123456789:091:567890123456789012345678901234567890123456789012345678901234567890123456789:092:567890123456789012345678901234567890123456789012345678901234567890123456789:093:567890123456789012345678901234567890123456789012345678901234567890123456789:094:567890123456789012345678901234567890123456789012345678901234567890123456789:095:567890123456789012345678901234567890123456789012345678901234567890123456789:096:567890123456789012345678901234567890123456789012345678901234567890123456789:097:567890123456789012345678901234567890123456789012345678901234567890123456789:098:567890123456789012345678901234567890123456789012345678901234567890123456789:099:567890123456789012345678901234567890123456789012345678901234567890123456789:100:567890123456789012345678901234567890123456789012345678901234567890123456789:101:567890123456789012345678901234567890123456789012345678901234567890123456789:102:567890123456789012345678901234567890123456789012345678901234567890123456789:103:567890123456789012345678901234567890123456789012345678901234567890123456789:104:567890123456789012345678901234567890123456789012345678901234567890123456789:105:567890123456789012345678901234567890123456789012345678901234567890123456789:106:567890123456789012345678901234567890123456789012345678901234567890123456789:107:567890123456789012345678901234567890123456789012345678901234567890123456789:108:567890123456789012345678901234567890123456789012345678901234567890123456789:109:567890123456789012345678901234567890123456789012345678901234567890123456789:110:567890123456789012345678901234567890123456789012345678901234567890123456789:111:567890123456789012345678901234567890123456789012345678901234567890123456789:112:567890123456789012345678901234567890123456789012345678901234567890123456789:113:567890123456789012345678901234567890123456789012345678901234567890123456789:114:567890123456789012345678901234567890123456789012345678901234567890123456789:115:567890123456789012345678901234567890123456789012345678901234567890123456789:116:567890123456789012345678901234567890123456789012345678901234567890123456789:117:567890123456789012345678901234567890123456789012345678901234567890123456789:118:567890123456789012345678901234567890123456789012345678901234567890123456789:119:567890123456789012345678901234567890123456789012345678901234567890123456789:120:567890123456789012345678901234567890123456789012345678901234567890123456789:121:567890123456789012345678901234567890123456789012345678901234567890123456789:122:567890123456789012345678901234567890123456789012345678901234567890123456789:123:567890123456789012345678901234567890123456789012345678901234567890123456789:124:567890123456789012345678901234567890123456789012345678901234567890123456789:125:567890123456789012345678901234567890123456789012345678901234567890123456789:126:567890123456789012345678901234567890123456789012345678901234567890123456789:127:567890123456789012345678901234567890123456789012345678901234567890123456789:128:567890123456789012345678901234567890123456789012345678901234567890123456789:129:567890123456789012345678901234567890123456789012345678901234567890123456789:130:567890123456789012345678901234567890123456789012345678901234567890123456789:131:567890123456789012345678901234567890123456789012345678901234567890123456789:132:567890123456789012345678901234567890123456789012345678901234567890123456789:133:567890123456789012345678901234567890123456789012345678901234567890123456789:134:567890123456789012345678901234567890123456789012345678901234567890123456789:135:567890123456789012345678901234567890123456789012345678901234567890123456789:136:567890123456789012345678901234567890123456789012345678901234567890123456789:137:567890123456789012345678901234567890123456789012345678901234567890123456789:138:567890123456789012345678901234567890123456789012345678901234567890123456789:139:567890123456789012345678901234567890123456789012345678901234567890123456789:140:567890123456789012345678901234567890123456789012345678901234567890123456789:141:567890123456789012345678901234567890123456789012345678901234567890123456789:142:567890123456789012345678901234567890123456789012345678901234567890123456789:143:567890123456789012345678901234567890123456789012345678901234567890123456789:144:567890123456789012345678901234567890123456789012345678901234567890123456789:145:567890123456789012345678901234567890123456789012345678901234567890123456789:146:567890123456789012345678901234567890123456789012345678901234567890123456789:147:567890123456789012345678901234567890123456789012345678901234567890123456789:148:567890123456789012345678901234567890123456789012345678901234567890123456789:149:567890123456789012345678901234567890123456789012345678901234567890123456789:150:567890123456789012345678901234567890123456789012345678901234567890123456789:151:567890123456789012345678901234567890123456789012345678901234567890123456789:152:567890123456789012345678901234567890123456789012345678901234567890123456789:153:567890123456789012345678901234567890123456789012345678901234567890123456789:154:567890123456789012345678901234567890123456789012345678901234567890123456789:155:567890123456789012345678901234567890123456789012345678901234567890123456789:156:567890123456789012345678901234567890123456789012345678901234567890123456789:157:567890123456789012345678901234567890123456789012345678901234567890123456789:158:567890123456789012345678901234567890123456789012345678901234567890123456789:159:567890123456789012345678901234567890123456789012345678901234567890123456789:160:567890123456789012345678901234567890123456789012345678901234567890123456789:161:567890123456789012345678901234567890123456789012345678901234567890123456789:162:567890123456789012345678901234567890123456789012345678901234567890123456789:163:567890123456789012345678901234567890123456789012345678901234567890123456789:164:567890123456789012345678901234567890123456789012345678901234567890123456789:165:567890123456789012345678901234567890123456789012345678901234567890123456789:166:567890123456789012345678901234567890123456789012345678901234567890123456789:167:567890123456789012345678901234567890123456789012345678901234567890123456789:168:567890123456789012345678901234567890123456789012345678901234567890123456789:169:567890123456789012345678901234567890123456789012345678901234567890123456789:170:567890123456789012345678901234567890123456789012345678901234567890123456789:171:567890123456789012345678901234567890123456789012345678901234567890123456789:172:567890123456789012345678901234567890123456789012345678901234567890123456789:173:567890123456789012345678901234567890123456789012345678901234567890123456789:174:567890123456789012345678901234567890123456789012345678901234567890123456789:175:567890123456789012345678901234567890123456789012345678901234567890123456789:176:567890123456789012345678901234567890123456789012345678901234567890123456789:177:567890123456789012345678901234567890123456789012345678901234567890123456789:178:567890123456789012345678901234567890123456789012345678901234567890123456789:179:567890123456789012345678901234567890123456789012345678901234567890123456789:180:567890123456789012345678901234567890123456789012345678901234567890123456789:181:567890123456789012345678901234567890123456789012345678901234567890123456789:182:567890123456789012345678901234567890123456789012345678901234567890123456789:183:567890123456789012345678901234567890123456789012345678901234567890123456789:184:567890123456789012345678901234567890123456789012345678901234567890123456789:185:567890123456789012345678901234567890123456789012345678901234567890123456789:186:567890123456789012345678901234567890123456789012345678901234567890123456789:187:567890123456789012345678901234567890123456789012345678901234567890123456789:188:567890123456789012345678901234567890123456789012345678901234567890123456789:189:567890123456789012345678901234567890123456789012345678901234567890123456789:190:567890123456789012345678901234567890123456789012345678901234567890123456789:191:567890123456789012345678901234567890123456789012345678901234567890123456789:192:567890123456789012345678901234567890123456789012345678901234567890123456789:193:567890123456789012345678901234567890123456789012345678901234567890123456789:194:567890123456789012345678901234567890123456789012345678901234567890123456789:195:567890123456789012345678901234567890123456789012345678901234567890123456789:196:567890123456789012345678901234567890123456789012345678901234567890123456789:197:567890123456789012345678901234567890123456789012345678901234567890123456789:198:567890123456789012345678901234567890123456789012345678901234567890123456789:199:567890123456789012345678901234567890123456789012345678901234567890123456789:200:567890123456789012345678901234567890123456789012345678901234567890123456789:201:567890123456789012345678901234567890123456789012345678901234567890123456789:202:567890123456789012345678901234567890123456789012345678901234567890123456789:203:567890123456789012345678901234567890123456789012345678901234567890123456789:204:567890123456789012345678901234567890123456789012345678901234567890123456789:205:567890123456789012345678901234567890123456789012345678901234567890123456789:206:567890123456789012345678901234567890123456789012345678901234567890123456789:207:567890123456789012345678901234567890123456789012345678901234567890123456789:208:567890123456789012345678901234567890123456789012345678901234567890123456789:209:567890123456789012345678901234567890123456789012345678901234567890123456789:210:567890123456789012345678901234567890123456789012345678901234567890123456789:211:567890123456789012345678901234567890123456789012345678901234567890123456789:212:567890123456789012345678901234567890123456789012345678901234567890123456789:213:567890123456789012345678901234567890123456789012345678901234567890123456789:214:567890123456789012345678901234567890123456789012345678901234567890123456789:215:567890123456789012345678901234567890123456789012345678901234567890123456789:216:567890123456789012345678901234567890123456789012345678901234567890123456789:217:567890123456789012345678901234567890123456789012345678901234567890123456789:218:567890123456789012345678901234567890123456789012345678901234567890123456789:219:567890123456789012345678901234567890123456789012345678901234567890123456789:220:567890123456789012345678901234567890123456789012345678901234567890123456789:221:567890123456789012345678901234567890123456789012345678901234567890123456789:222:567890123456789012345678901234567890123456789012345678901234567890123456789:223:567890123456789012345678901234567890123456789012345678901234567890123456789:224:567890123456789012345678901234567890123456789012345678901234567890123456789:225:567890123456789012345678901234567890123456789012345678901234567890123456789:226:567890123456789012345678901234567890123456789012345678901234567890123456789:227:567890123456789012345678901234567890123456789012345678901234567890123456789:228:567890123456789012345678901234567890123456789012345678901234567890123456789:229:567890123456789012345678901234567890123456789012345678901234567890123456789:230:567890123456789012345678901234567890123456789012345678901234567890123456789:231:567890123456789012345678901234567890123456789012345678901234567890123456789:232:567890123456789012345678901234567890123456789012345678901234567890123456789:233:567890123456789012345678901234567890123456789012345678901234567890123456789:234:567890123456789012345678901234567890123456789012345678901234567890123456789:235:567890123456789012345678901234567890123456789012345678901234567890123456789:236:567890123456789012345678901234567890123456789012345678901234567890123456789:237:567890123456789012345678901234567890123456789012345678901234567890123456789:238:567890123456789012345678901234567890123456789012345678901234567890123456789:239:567890123456789012345678901234567890123456789012345678901234567890123456789:240:567890123456789012345678901234567890123456789012345678901234567890123456789:241:567890123456789012345678901234567890123456789012345678901234567890123456789:242:567890123456789012345678901234567890123456789012345678901234567890123456789:243:567890123456789012345678901234567890123456789012345678901234567890123456789:244:567890123456789012345678901234567890123456789012345678901234567890123456789:245:567890123456789012345678901234567890123456789012345678901234567890123456789:246:567890123456789012345678901234567890123456789012345678901234567890123456789:247:567890123456789012345678901234567890123456789012345678901234567890123456789:248:567890123456789012345678901234567890123456789012345678901234567890123456789:249:567890123456789012345678901234567890123456789012345678901234567890123456789:250:567890123456789012345678901234567890123456789012345678901234567890123456789:251:567890123456789012345678901234567890123456789012345678901234567890123456789:252:567890123456789012345678901234567890123456789012345678901234567890123456789:253:567890123456789012345678901234567890123456789012345678901234567890123456789:254:567890123456789012345678901234567890123456789012345678901234567890123456789:255:567890123456789012345678901234567890123456789012345678901234567890123456789:256:567890123456789012345678901234567890123456789012345678901234567890123456789:257:567890123456789012345678901234567890123456789012345678901234567890123456789:258:567890123456789012345678901234567890123456789012345678901234567890123456789:259:567890123456789012345678901234567890123456789012345678901234567890123456789:260:567890123456789012345678901234567890123456789012345678901234567890123456789:261:567890123456789012345678901234567890123456789012345678901234567890123456789:262:567890123456789012345678901234567890123456789012345678901234567890123456789:263:567890123456789012345678901234567890123456789012345678901234567890123456789:264:567890123456789012345678901234567890123456789012345678901234567890123456789:265:567890123456789012345678901234567890123456789012345678901234567890123456789:266:567890123456789012345678901234567890123456789012345678901234567890123456789:267:567890123456789012345678901234567890123456789012345678901234567890123456789:268:567890123456789012345678901234567890123456789012345678901234567890123456789:269:567890123456789012345678901234567890123456789012345678901234567890123456789:270:567890123456789012345678901234567890123456789012345678901234567890123456789:271:567890123456789012345678901234567890123456789012345678901234567890123456789:272:567890123456789012345678901234567890123456789012345678901234567890123456789:273:567890123456789012345678901234567890123456789012345678901234567890123456789:274:567890123456789012345678901234567890123456789012345678901234567890123456789:275:567890123456789012345678901234567890123456789012345678901234567890123456789:276:567890123456789012345678901234567890123456789012345678901234567890123456789:277:567890123456789012345678901234567890123456789012345678901234567890123456789:278:567890123456789012345678901234567890123456789012345678901234567890123456789:279:567890123456789012345678901234567890123456789012345678901234567890123456789:280:567890123456789012345678901234567890123456789012345678901234567890123456789:281:567890123456789012345678901234567890123456789012345678901234567890123456789:282:567890123456789012345678901234567890123456789012345678901234567890123456789:283:567890123456789012345678901234567890123456789012345678901234567890123456789:284:567890123456789012345678901234567890123456789012345678901234567890123456789:285:567890123456789012345678901234567890123456789012345678901234567890123456789:286:567890123456789012345678901234567890123456789012345678901234567890123456789:287:567890123456789012345678901234567890123456789012345678901234567890123456789:288:567890123456789012345678901234567890123456789012345678901234567890123456789:289:567890123456789012345678901234567890123456789012345678901234567890123456789:290:567890123456789012345678901234567890123456789012345678901234567890123456789:291:567890123456789012345678901234567890123456789012345678901234567890123456789:292:567890123456789012345678901234567890123456789012345678901234567890123456789:293:567890123456789012345678901234567890123456789012345678901234567890123456789:294:567890123456789012345678901234567890123456789012345678901234567890123456789:295:567890123456789012345678901234567890123456789012345678901234567890123456789:296:567890123456789012345678901234567890123456789012345678901234567890123456789:297:567890123456789012345678901234567890123456789012345678901234567890123456789:298:567890123456789012345678901234567890123456789012345678901234567890123456789:299:567890123456789012345678901234567890123456789012345678901234567890123456789"
2020-04-23T21:59:52.9147136Z                 	            	actual  : "an expected string\n:000:567890123456789012345678901234567890123456789012345678901234567890123456789:001:567890123456789012345678901234567890123456789012345678901234567890123456789:002:567890123456789012345678901234567890123456789012345678901234567890123456789:003:567890123456789012345678901234567890123456789012345678901234567890123456789:004:567890123456789012345678901234567890123456789012345678901234567890123456789:005:567890123456789012345678901234567890123456789012345678901234567890123456789:006:567890123456789012345678901234567890123456789012345678901234567890123456789:007:567890123456789012345678901234567890123456789012345678901234567890123456789:008:567890123456789012345678901234567890123456789012345678901234567890123456789:009:567890123456789012345678901234567890123456789012345678901234567890123456789:010:567890123456789012345678901234567890123456789012345678901234567890123456789:011:567890123456789012345678901234567890123456789012345678901234567890123456789:012:567890123456789012345678901234567890123456789012345678901234567890123456789:013:567890123456789012345678901234567890123456789012345678901234567890123456789:014:567890123456789012345678901234567890123456789012345678901234567890123456789:015:567890123456789012345678901234567890123456789012345678901234567890123456789:016:567890123456789012345678901234567890123456789012345678901234567890123456789:017:567890123456789012345678901234567890123456789012345678901234567890123456789:018:567890123456789012345678901234567890123456789012345678901234567890123456789:019:567890123456789012345678901234567890123456789012345678901234567890123456789:020:567890123456789012345678901234567890123456789012345678901234567890123456789:021:567890123456789012345678901234567890123456789012345678901234567890123456789:022:567890123456789012345678901234567890123456789012345678901234567890123456789:023:567890123456789012345678901234567890123456789012345678901234567890123456789:024:567890123456789012345678901234567890123456789012345678901234567890123456789:025:567890123456789012345678901234567890123456789012345678901234567890123456789:026:567890123456789012345678901234567890123456789012345678901234567890123456789:027:567890123456789012345678901234567890123456789012345678901234567890123456789:028:56789012345678901234567890123456789012345678901234567890123456789012345679 :029:567890123456789012345678901234567890123456789012345678901234567890123456789:030:567890123456789012345678901234567890123456789012345678901234567890123456789:031:567890123456789012345678901234567890123456789012345678901234567890123456789:032:567890123456789012345678901234567890123456789012345678901234567890123456789:033:567890123456789012345678901234567890123456789012345678901234567890123456789:034:567890123456789012345678901234567890123456789012345678901234567890123456789:035:567890123456789012345678901234567890123456789012345678901234567890123456789:036:567890123456789012345678901234567890123456789012345678901234567890123456789:037:567890123456789012345678901234567890123456789012345678901234567890123456789:038:567890123456789012345678901234567890123456789012345678901234567890123456789:039:567890123456789012345678901234567890123456789012345678901234567890123456789:040:567890123456789012345678901234567890123456789012345678901234567890123456789:041:567890123456789012345678901234567890123456789012345678901234567890123456789:042:567890123456789012345678901234567890123456789012345678901234567890123456789:043:567890123456789012345678901234567890123456789012345678901234567890123456789:044:567890123456789012345678901234567890123456789012345678901234567890123456789:045:567890123456789012345678901234567890123456789012345678901234567890123456789:046:567890123456789012345678901234567890123456789012345678901234567890123456789:047:567890123456789012345678901234567890123456789012345678901234567890123456789:048:567890123456789012345678901234567890123456789012345678901234567890123456789:049:567890123456789012345678901234567890123456789012345678901234567890123456789:050:567890123456789012345678901234567890123456789012345678901234567890123456789:051:567890123456789012345678901234567890123456789012345678901234567890123456789:052:567890123456789012345678901234567890123456789012345678901234567890123456789:053:567890123456789012345678901234567890123456789012345678901234567890123456789:054:567890123456789012345678901234567890123456789012345678901234567890123456789:055:567890123456789012345678901234567890123456789012345678901234567890123456789:056:567890123456789012345678901234567890123456789012345678901234567890123456789:057:567890123456789012345678901234567890123456789012345678901234567890123456789:058:567890123456789012345678901234567890123456789012345678901234567890123456789:059:567890123456789012345678901234567890123456789012345678901234567890123456789:060:567890123456789012345678901234567890123456789012345678901234567890123456789:061:567890123456789012345678901234567890123456789012345678901234567890123456789:062:567890123456789012345678901234567890123456789012345678901234567890123456789:063:567890123456789012345678901234567890123456789012345678901234567890123456789:064:567890123456789012345678901234567890123456789012345678901234567890123456789:065:567890123456789012345678901234567890123456789012345678901234567890123456789:066:567890123456789012345678901234567890123456789012345678901234567890123456789:067:567890123456789012345678901234567890123456789012345678901234567890123456789:068:567890123456789012345678901234567890123456789012345678901234567890123456789:069:567890123456789012345678901234567890123456789012345678901234567890123456789:070:567890123456789012345678901234567890123456789012345678901234567890123456789:071:567890123456789012345678901234567890123456789012345678901234567890123456789:072:567890123456789012345678901234567890123456789012345678901234567890123456789:073:567890123456789012345678901234567890123456789012345678901234567890123456789:074:567890123456789012345678901234567890123456789012345678901234567890123456789:075:567890123456789012345678901234567890123456789012345678901234567890123456789:076:567890123456789012345678901234567890123456789012345678901234567890123456789:077:567890123456789012345678901234567890123456789012345678901234567890123456789:078:567890123456789012345678901234567890123456789012345678901234567890123456789:079:567890123456789012345678901234567890123456789012345678901234567890123456789:080:567890123456789012345678901234567890123456789012345678901234567890123456789:081:567890123456789012345678901234567890123456789012345678901234567890123456789:082:567890123456789012345678901234567890123456789012345678901234567890123456789:083:567890123456789012345678901234567890123456789012345678901234567890123456789:084:567890123456789012345678901234567890123456789012345678901234567890123456789:085:567890123456789012345678901234567890123456789012345678901234567890123456789:086:567890123456789012345678901234567890123456789012345678901234567890123456789:087:56789012345678901234567890123456789012345678901234567890123456789012345679 :088:567890123456789012345678901234567890123456789012345678901234567890123456789:089:567890123456789012345678901234567890123456789012345678901234567890123456789:090:567890123456789012345678901234567890123456789012345678901234567890123456789:091:567890123456789012345678901234567890123456789012345678901234567890123456789:092:567890123456789012345678901234567890123456789012345678901234567890123456789:093:567890123456789012345678901234567890123456789012345678901234567890123456789:094:567890123456789012345678901234567890123456789012345678901234567890123456789:095:567890123456789012345678901234567890123456789012345678901234567890123456789:096:567890123456789012345678901234567890123456789012345678901234567890123456789:097:567890123456789012345678901234567890123456789012345678901234567890123456789:098:567890123456789012345678901234567890123456789012345678901234567890123456789:099:567890123456789012345678901234567890123456789012345678901234567890123456789:100:567890123456789012345678901234567890123456789012345678901234567890123456789:101:567890123456789012345678901234567890123456789012345678901234567890123456789:102:567890123456789012345678901234567890123456789012345678901234567890123456789:103:567890123456789012345678901234567890123456789012345678901234567890123456789:104:567890123456789012345678901234567890123456789012345678901234567890123456789:105:567890123456789012345678901234567890123456789012345678901234567890123456789:106:567890123456789012345678901234567890123456789012345678901234567890123456789:107:567890123456789012345678901234567890123456789012345678901234567890123456789:108:567890123456789012345678901234567890123456789012345678901234567890123456789:109:567890123456789012345678901234567890123456789012345678901234567890123456789:110:567890123456789012345678901234567890123456789012345678901234567890123456789:111:567890123456789012345678901234567890123456789012345678901234567890123456789:112:567890123456789012345678901234567890123456789012345678901234567890123456789:113:567890123456789012345678901234567890123456789012345678901234567890123456789:114:567890123456789012345678901234567890123456789012345678901234567890123456789:115:567890123456789012345678901234567890123456789012345678901234567890123456789:116:567890123456789012345678901234567890123456789012345678901234567890123456789:117:567890123456789012345678901234567890123456789012345678901234567890123456789:118:567890123456789012345678901234567890123456789012345678901234567890123456789:119:567890123456789012345678901234567890123456789012345678901234567890123456789:120:567890123456789012345678901234567890123456789012345678901234567890123456789:121:567890123456789012345678901234567890123456789012345678901234567890123456789:122:567890123456789012345678901234567890123456789012345678901234567890123456789:123:567890123456789012345678901234567890123456789012345678901234567890123456789:124:567890123456789012345678901234567890123456789012345678901234567890123456789:125:567890123456789012345678901234567890123456789012345678901234567890123456789:126:567890123456789012345678901234567890123456789012345678901234567890123456789:127:567890123456789012345678901234567890123456789012345678901234567890123456789:128:567890123456789012345678901234567890123456789012345678901234567890123456789:129:567890123456789012345678901234567890123456789012345678901234567890123456789:130:567890123456789012345678901234567890123456789012345678901234567890123456789:131:567890123456789012345678901234567890123456789012345678901234567890123456789:132:567890123456789012345678901234567890123456789012345678901234567890123456789:133:567890123456789012345678901234567890123456789012345678901234567890123456789:134:567890123456789012345678901234567890123456789012345678901234567890123456789:135:567890123456789012345678901234567890123456789012345678901234567890123456789:136:567890123456789012345678901234567890123456789012345678901234567890123456789:137:567890123456789012345678901234567890123456789012345678901234567890123456789:138:567890123456789012345678901234567890123456789012345678901234567890123456789:139:567890123456789012345678901234567890123456789012345678901234567890123456789:140:567890123456789012345678901234567890123456789012345678901234567890123456789:141:567890123456789012345678901234567890123456789012345678901234567890123456789:142:567890123456789012345678901234567890123456789012345678901234567890123456789:143:567890123456789012345678901234567890123456789012345678901234567890123456789:144:567890123456789012345678901234567890123456789012345678901234567890123456789:145:567890123456789012345678901234567890123456789012345678901234567890123456789:146:567890123456789012345678901234567890123456789012345678901234567890123456789:147:567890123456789012345678901234567890123456789012345678901234567890123456789:148:567890123456789012345678901234567890123456789012345678901234567890123456789:149:567890123456789012345678901234567890123456789012345678901234567890123456789:150:567890123456789012345678901234567890123456789012345678901234567890123456789:151:567890123456789012345678901234567890123456789012345678901234567890123456789:152:567890123456789012345678901234567890123456789012345678901234567890123456789:153:567890123456789012345678901234567890123456789012345678901234567890123456789:154:567890123456789012345678901234567890123456789012345678901234567890123456789:155:567890123456789012345678901234567890123456789012345678901234567890123456789:156:567890123456789012345678901234567890123456789012345678901234567890123456789:157:567890123456789012345678901234567890123456789012345678901234567890123456789:158:567890123456789012345678901234567890123456789012345678901234567890123456789:159:567890123456789012345678901234567890123456789012345678901234567890123456789:160:567890123456789012345678901234567890123456789012345678901234567890123456789:161:567890123456789012345678901234567890123456789012345678901234567890123456789:162:567890123456789012345678901234567890123456789012345678901234567890123456789:163:567890123456789012345678901234567890123456789012345678901234567890123456789:164:567890123456789012345678901234567890123456789012345678901234567890123456789:165:567890123456789012345678901234567890123456789012345678901234567890123456789:166:567890123456789012345678901234567890123456789012345678901234567890123456789:167:567890123456789012345678901234567890123456789012345678901234567890123456789:168:567890123456789012345678901234567890123456789012345678901234567890123456789:169:567890123456789012345678901234567890123456789012345678901234567890123456789:170:567890123456789012345678901234567890123456789012345678901234567890123456789:171:567890123456789012345678901234567890123456789012345678901234567890123456789:172:567890123456789012345678901234567890123456789012345678901234567890123456789:173:567890123456789012345678901234567890123456789012345678901234567890123456789:174:567890123456789012345678901234567890123456789012345678901234567890123456789:175:567890123456789012345678901234567890123456789012345678901234567890123456789:176:567890123456789012345678901234567890123456789012345678901234567890123456789:177:567890123456789012345678901234567890123456789012345678901234567890123456789:178:567890123456789012345678901234567890123456789012345678901234567890123456789:179:567890123456789012345678901234567890123456789012345678901234567890123456789:180:567890123456789012345678901234567890123456789012345678901234567890123456789:181:567890123456789012345678901234567890123456789012345678901234567890123456789:182:567890123456789012345678901234567890123456789012345678901234567890123456789:183:567890123456789012345678901234567890123456789012345678901234567890123456789:184:567890123456789012345678901234567890123456789012345678901234567890123456789:185:56789012345678901234567890123456789012345678901234567890123456789012345679 :186:567890123456789012345678901234567890123456789012345678901234567890123456789:187:567890123456789012345678901234567890123456789012345678901234567890123456789:188:567890123456789012345678901234567890123456789012345678901234567890123456789:189:567890123456789012345678901234567890123456789012345678901234567890123456789:190:567890123456789012345678901234567890123456789012345678901234567890123456789:191:567890123456789012345678901234567890123456789012345678901234567890123456789:192:567890123456789012345678901234567890123456789012345678901234567890123456789:193:567890123456789012345678901234567890123456789012345678901234567890123456789:194:567890123456789012345678901234567890123456789012345678901234567890123456789:195:567890123456789012345678901234567890123456789012345678901234567890123456789:196:567890123456789012345678901234567890123456789012345678901234567890123456789:197:567890123456789012345678901234567890123456789012345678901234567890123456789:198:567890123456789012345678901234567890123456789012345678901234567890123456789:199:567890123456789012345678901234567890123456789012345678901234567890123456789:200:567890123456789012345678901234567890123456789012345678901234567890123456789:201:567890123456789012345678901234567890123456789012345678901234567890123456789:202:567890123456789012345678901234567890123456789012345678901234567890123456789:203:567890123456789012345678901234567890123456789012345678901234567890123456789:204:567890123456789012345678901234567890123456789012345678901234567890123456789:205:567890123456789012345678901234567890123456789012345678901234567890123456789:206:567890123456789012345678901234567890123456789012345678901234567890123456789:207:567890123456789012345678901234567890123456789012345678901234567890123456789:208:567890123456789012345678901234567890123456789012345678901234567890123456789:209:567890123456789012345678901234567890123456789012345678901234567890123456789:210:567890123456789012345678901234567890123456789012345678901234567890123456789:211:567890123456789012345678901234567890123456789012345678901234567890123456789:212:567890123456789012345678901234567890123456789012345678901234567890123456789:213:567890123456789012345678901234567890123456789012345678901234567890123456789:214:567890123456789012345678901234567890123456789012345678901234567890123456789:215:567890123456789012345678901234567890123456789012345678901234567890123456789:216:567890123456789012345678901234567890123456789012345678901234567890123456789:217:567890123456789012345678901234567890123456789012345678901234567890123456789:218:567890123456789012345678901234567890123456789012345678901234567890123456789:219:567890123456789012345678901234567890123456789012345678901234567890123456789:220:567890123456789012345678901234567890123456789012345678901234567890123456789:221:567890123456789012345678901234567890123456789012345678901234567890123456789:222:567890123456789012345678901234567890123456789012345678901234567890123456789:223:567890123456789012345678901234567890123456789012345678901234567890123456789:224:567890123456789012345678901234567890123456789012345678901234567890123456789:225:567890123456789012345678901234567890123456789012345678901234567890123456789:226:567890123456789012345678901234567890123456789012345678901234567890123456789:227:567890123456789012345678901234567890123456789012345678901234567890123456789:228:567890123456789012345678901234567890123456789012345678901234567890123456789:229:567890123456789012345678901234567890123456789012345678901234567890123456789:230:567890123456789012345678901234567890123456789012345678901234567890123456789:231:567890123456789012345678901234567890123456789012345678901234567890123456789:232:567890123456789012345678901234567890123456789012345678901234567890123456789:233:567890123456789012345678901234567890123456789012345678901234567890123456789:234:567890123456789012345678901234567890123456789012345678901234567890123456789:235:567890123456789012345678901234567890123456789012345678901234567890123456789:236:567890123456789012345678901234567890123456789012345678901234567890123456789:237:567890123456789012345678901234567890123456789012345678901234567890123456789:238:567890123456789012345678901234567890123456789012345678901234567890123456789:239:567890123456789012345678901234567890123456789012345678901234567890123456789:240:567890123456789012345678901234567890123456789012345678901234567890123456789:241:567890123456789012345678901234567890123456789012345678901234567890123456789:242:567890123456789012345678901234567890123456789012345678901234567890123456789:243:567890123456789012345678901234567890123456789012345678901234567890123456789:244:567890123456789012345678901234567890123456789012345678901234567890123456789:245:567890123456789012345678901234567890123456789012345678901234567890123456789:246:567890123456789012345678901234567890123456789012345678901234567890123456789:247:567890123456789012345678901234567890123456789012345678901234567890123456789:248:567890123456789012345678901234567890123456789012345678901234567890123456789:249:567890123456789012345678901234567890123456789012345678901234567890123456789:250:567890123456789012345678901234567890123456789012345678901234567890123456789:251:567890123456789012345678901234567890123456789012345678901234567890123456789:252:567890123456789012345678901234567890123456789012345678901234567890123456789:253:567890123456789012345678901234567890123456789012345678901234567890123456789:254:567890123456789012345678901234567890123456789012345678901234567890123456789:255:567890123456789012345678901234567890123456789012345678901234567890123456789:256:567890123456789012345678901234567890123456789012345678901234567890123456789:257:567890123456789012345678901234567890123456789012345678901234567890123456789:258:567890123456789012345678901234567890123456789012345678901234567890123456789:259:567890123456789012345678901234567890123456789012345678901234567890123456789:260:567890123456789012345678901234567890123456789012345678901234567890123456789:261:567890123456789012345678901234567890123456789012345678901234567890123456789:262:567890123456789012345678901234567890123456789012345678901234567890123456789:263:567890123456789012345678901234567890123456789012345678901234567890123456789:264:567890123456789012345678901234567890123456789012345678901234567890123456789:265:567890123456789012345678901234567890123456789012345678901234567890123456789:266:567890123456789012345678901234567890123456789012345678901234567890123456789:267:567890123456789012345678901234567890123456789012345678901234567890123456789:268:567890123456789012345678901234567890123456789012345678901234567890123456789:269:567890123456789012345678901234567890123456789012345678901234567890123456789:270:567890123456789012345678901234567890123456789012345678901234567890123456789:271:567890123456789012345678901234567890123456789012345678901234567890123456789:272:567890123456789012345678901234567890123456789012345678901234567890123456789:273:567890123456789012345678901234567890123456789012345678901234567890123456789:274:567890123456789012345678901234567890123456789012345678901234567890123456789:275:567890123456789012345678901234567890123456789012345678901234567890123456789:276:567890123456789012345678901234567890123456789012345678901234567890123456789:277:567890123456789012345678901234567890123456789012345678901234567890123456789:278:567890123456789012345678901234567890123456789012345678901234567890123456789:279:567890123456789012345678901234567890123456789012345678901234567890123456789:280:567890123456789012345678901234567890123456789012345678901234567890123456789:281:567890123456789012345678901234567890123456789012345678901234567890123456789:282:567890123456789012345678901234567890123456789012345678901234567890123456789:283:567890123456789012345678901234567890123456789012345678901234567890123456789:284:567890123456789012345678901234567890123456789012345678901234567890123456789:285:567890123456789012345678901234567890123456789012345678901234567890123456789:286:567890123456789012345678901234567890123456789012345678901234567890123456789:287:567890123456789012345678901234567890123456789012345678901234567890123456789:288:567890123456789012345678901234567890123456789012345678901234567890123456789:289:567890123456789012345678901234567890123456789012345678901234567890123456789:290:567890123456789012345678901234567890123456789012345678901234567890123456789:291:567890123456789012345678901234567890123456789012345678901234567890123456789:292:567890123456789012345678901234567890123456789012345678901234567890123456789:293:567890123456789012345678901234567890123456789012345678901234567890123456789:294:567890123456789012345678901234567890123456789012345678901234567890123456789:295:567890123456789012345678901234567890123456789012345678901234567890123456789:296:567890123456789012345678901234567890123456789012345678901234567890123456789:297:567890123456789012345678901234567890123456789012345678901234567890123456789:298:567890123456789012345678901234567890123456789012345678901234567890123456789:299:567890123456789012345678901234567890123456789012345678901234567890123456789"
2020-04-23T21:59:52.9149925Z                 	            	
2020-04-23T21:59:52.9150090Z                 	            	Diff:
2020-04-23T21:59:52.9150251Z                 	            	--- Expected
2020-04-23T21:59:52.9150386Z                 	            	+++ Actual
2020-04-23T21:59:52.9150544Z                 	            	@@ -1 +1,2 @@
2020-04-23T21:59:52.9155309Z                 	            	-:000:567890123456789012345678901234567890123456789012345678901234567890123456789:001:567890123456789012345678901234567890123456789012345678901234567890123456789:002:567890123456789012345678901234567890123456789012345678901234567890123456789:003:567890123456789012345678901234567890123456789012345678901234567890123456789:004:567890123456789012345678901234567890123456789012345678901234567890123456789:005:567890123456789012345678901234567890123456789012345678901234567890123456789:006:567890123456789012345678901234567890123456789012345678901234567890123456789:007:567890123456789012345678901234567890123456789012345678901234567890123456789:008:567890123456789012345678901234567890123456789012345678901234567890123456789:009:567890123456789012345678901234567890123456789012345678901234567890123456789:010:567890123456789012345678901234567890123456789012345678901234567890123456789:011:567890123456789012345678901234567890123456789012345678901234567890123456789:012:567890123456789012345678901234567890123456789012345678901234567890123456789:013:567890123456789012345678901234567890123456789012345678901234567890123456789:014:567890123456789012345678901234567890123456789012345678901234567890123456789:015:567890123456789012345678901234567890123456789012345678901234567890123456789:016:567890123456789012345678901234567890123456789012345678901234567890123456789:017:567890123456789012345678901234567890123456789012345678901234567890123456789:018:567890123456789012345678901234567890123456789012345678901234567890123456789:019:567890123456789012345678901234567890123456789012345678901234567890123456789:020:567890123456789012345678901234567890123456789012345678901234567890123456789:021:567890123456789012345678901234567890123456789012345678901234567890123456789:022:567890123456789012345678901234567890123456789012345678901234567890123456789:023:567890123456789012345678901234567890123456789012345678901234567890123456789:024:567890123456789012345678901234567890123456789012345678901234567890123456789:025:567890123456789012345678901234567890123456789012345678901234567890123456789:026:567890123456789012345678901234567890123456789012345678901234567890123456789:027:567890123456789012345678901234567890123456789012345678901234567890123456789:028:567890123456789012345678901234567890123456789012345678901234567890123456789:029:567890123456789012345678901234567890123456789012345678901234567890123456789:030:567890123456789012345678901234567890123456789012345678901234567890123456789:031:567890123456789012345678901234567890123456789012345678901234567890123456789:032:567890123456789012345678901234567890123456789012345678901234567890123456789:033:567890123456789012345678901234567890123456789012345678901234567890123456789:034:567890123456789012345678901234567890123456789012345678901234567890123456789:035:567890123456789012345678901234567890123456789012345678901234567890123456789:036:567890123456789012345678901234567890123456789012345678901234567890123456789:037:567890123456789012345678901234567890123456789012345678901234567890123456789:038:567890123456789012345678901234567890123456789012345678901234567890123456789:039:567890123456789012345678901234567890123456789012345678901234567890123456789:040:567890123456789012345678901234567890123456789012345678901234567890123456789:041:567890123456789012345678901234567890123456789012345678901234567890123456789:042:567890123456789012345678901234567890123456789012345678901234567890123456789:043:567890123456789012345678901234567890123456789012345678901234567890123456789:044:567890123456789012345678901234567890123456789012345678901234567890123456789:045:567890123456789012345678901234567890123456789012345678901234567890123456789:046:567890123456789012345678901234567890123456789012345678901234567890123456789:047:567890123456789012345678901234567890123456789012345678901234567890123456789:048:567890123456789012345678901234567890123456789012345678901234567890123456789:049:567890123456789012345678901234567890123456789012345678901234567890123456789:050:567890123456789012345678901234567890123456789012345678901234567890123456789:051:567890123456789012345678901234567890123456789012345678901234567890123456789:052:567890123456789012345678901234567890123456789012345678901234567890123456789:053:567890123456789012345678901234567890123456789012345678901234567890123456789:054:567890123456789012345678901234567890123456789012345678901234567890123456789:055:567890123456789012345678901234567890123456789012345678901234567890123456789:056:567890123456789012345678901234567890123456789012345678901234567890123456789:057:567890123456789012345678901234567890123456789012345678901234567890123456789:058:567890123456789012345678901234567890123456789012345678901234567890123456789:059:567890123456789012345678901234567890123456789012345678901234567890123456789:060:567890123456789012345678901234567890123456789012345678901234567890123456789:061:567890123456789012345678901234567890123456789012345678901234567890123456789:062:567890123456789012345678901234567890123456789012345678901234567890123456789:063:567890123456789012345678901234567890123456789012345678901234567890123456789:064:567890123456789012345678901234567890123456789012345678901234567890123456789:065:567890123456789012345678901234567890123456789012345678901234567890123456789:066:567890123456789012345678901234567890123456789012345678901234567890123456789:067:567890123456789012345678901234567890123456789012345678901234567890123456789:068:567890123456789012345678901234567890123456789012345678901234567890123456789:069:567890123456789012345678901234567890123456789012345678901234567890123456789:070:567890123456789012345678901234567890123456789012345678901234567890123456789:071:567890123456789012345678901234567890123456789012345678901234567890123456789:072:567890123456789012345678901234567890123456789012345678901234567890123456789:073:567890123456789012345678901234567890123456789012345678901234567890123456789:074:567890123456789012345678901234567890123456789012345678901234567890123456789:075:567890123456789012345678901234567890123456789012345678901234567890123456789:076:567890123456789012345678901234567890123456789012345678901234567890123456789:077:567890123456789012345678901234567890123456789012345678901234567890123456789:078:567890123456789012345678901234567890123456789012345678901234567890123456789:079:567890123456789012345678901234567890123456789012345678901234567890123456789:080:567890123456789012345678901234567890123456789012345678901234567890123456789:081:567890123456789012345678901234567890123456789012345678901234567890123456789:082:567890123456789012345678901234567890123456789012345678901234567890123456789:083:567890123456789012345678901234567890123456789012345678901234567890123456789:084:567890123456789012345678901234567890123456789012345678901234567890123456789:085:567890123456789012345678901234567890123456789012345678901234567890123456789:086:567890123456789012345678901234567890123456789012345678901234567890123456789:087:567890123456789012345678901234567890123456789012345678901234567890123456789:088:567890123456789012345678901234567890123456789012345678901234567890123456789:089:567890123456789012345678901234567890123456789012345678901234567890123456789:090:567890123456789012345678901234567890123456789012345678901234567890123456789:091:567890123456789012345678901234567890123456789012345678901234567890123456789:092:567890123456789012345678901234567890123456789012345678901234567890123456789:093:567890123456789012345678901234567890123456789012345678901234567890123456789:094:567890123456789012345678901234567890123456789012345678901234567890123456789:095:567890123456789012345678901234567890123456789012345678901234567890123456789:096:567890123456789012345678901234567890123456789012345678901234567890123456789:097:567890123456789012345678901234567890123456789012345678901234567890123456789:098:567890123456789012345678901234567890123456789012345678901234567890123456789:099:567890123456789012345678901234567890123456789012345678901234567890123456789:100:567890123456789012345678901234567890123456789012345678901234567890123456789:101:567890123456789012345678901234567890123456789012345678901234567890123456789:102:567890123456789012345678901234567890123456789012345678901234567890123456789:103:567890123456789012345678901234567890123456789012345678901234567890123456789:104:567890123456789012345678901234567890123456789012345678901234567890123456789:105:567890123456789012345678901234567890123456789012345678901234567890123456789:106:567890123456789012345678901234567890123456789012345678901234567890123456789:107:567890123456789012345678901234567890123456789012345678901234567890123456789:108:567890123456789012345678901234567890123456789012345678901234567890123456789:109:567890123456789012345678901234567890123456789012345678901234567890123456789:110:567890123456789012345678901234567890123456789012345678901234567890123456789:111:567890123456789012345678901234567890123456789012345678901234567890123456789:112:567890123456789012345678901234567890123456789012345678901234567890123456789:113:567890123456789012345678901234567890123456789012345678901234567890123456789:114:567890123456789012345678901234567890123456789012345678901234567890123456789:115:567890123456789012345678901234567890123456789012345678901234567890123456789:116:567890123456789012345678901234567890123456789012345678901234567890123456789:117:567890123456789012345678901234567890123456789012345678901234567890123456789:118:567890123456789012345678901234567890123456789012345678901234567890123456789:119:567890123456789012345678901234567890123456789012345678901234567890123456789:120:567890123456789012345678901234567890123456789012345678901234567890123456789:121:567890123456789012345678901234567890123456789012345678901234567890123456789:122:567890123456789012345678901234567890123456789012345678901234567890123456789:123:567890123456789012345678901234567890123456789012345678901234567890123456789:124:567890123456789012345678901234567890123456789012345678901234567890123456789:125:567890123456789012345678901234567890123456789012345678901234567890123456789:126:567890123456789012345678901234567890123456789012345678901234567890123456789:127:567890123456789012345678901234567890123456789012345678901234567890123456789:128:567890123456789012345678901234567890123456789012345678901234567890123456789:129:567890123456789012345678901234567890123456789012345678901234567890123456789:130:567890123456789012345678901234567890123456789012345678901234567890123456789:131:567890123456789012345678901234567890123456789012345678901234567890123456789:132:567890123456789012345678901234567890123456789012345678901234567890123456789:133:567890123456789012345678901234567890123456789012345678901234567890123456789:134:567890123456789012345678901234567890123456789012345678901234567890123456789:135:567890123456789012345678901234567890123456789012345678901234567890123456789:136:567890123456789012345678901234567890123456789012345678901234567890123456789:137:567890123456789012345678901234567890123456789012345678901234567890123456789:138:567890123456789012345678901234567890123456789012345678901234567890123456789:139:567890123456789012345678901234567890123456789012345678901234567890123456789:140:567890123456789012345678901234567890123456789012345678901234567890123456789:141:567890123456789012345678901234567890123456789012345678901234567890123456789:142:567890123456789012345678901234567890123456789012345678901234567890123456789:143:567890123456789012345678901234567890123456789012345678901234567890123456789:144:567890123456789012345678901234567890123456789012345678901234567890123456789:145:567890123456789012345678901234567890123456789012345678901234567890123456789:146:567890123456789012345678901234567890123456789012345678901234567890123456789:147:567890123456789012345678901234567890123456789012345678901234567890123456789:148:567890123456789012345678901234567890123456789012345678901234567890123456789:149:567890123456789012345678901234567890123456789012345678901234567890123456789:150:567890123456789012345678901234567890123456789012345678901234567890123456789:151:567890123456789012345678901234567890123456789012345678901234567890123456789:152:567890123456789012345678901234567890123456789012345678901234567890123456789:153:567890123456789012345678901234567890123456789012345678901234567890123456789:154:567890123456789012345678901234567890123456789012345678901234567890123456789:155:567890123456789012345678901234567890123456789012345678901234567890123456789:156:567890123456789012345678901234567890123456789012345678901234567890123456789:157:567890123456789012345678901234567890123456789012345678901234567890123456789:158:567890123456789012345678901234567890123456789012345678901234567890123456789:159:567890123456789012345678901234567890123456789012345678901234567890123456789:160:567890123456789012345678901234567890123456789012345678901234567890123456789:161:567890123456789012345678901234567890123456789012345678901234567890123456789:162:567890123456789012345678901234567890123456789012345678901234567890123456789:163:567890123456789012345678901234567890123456789012345678901234567890123456789:164:567890123456789012345678901234567890123456789012345678901234567890123456789:165:567890123456789012345678901234567890123456789012345678901234567890123456789:166:567890123456789012345678901234567890123456789012345678901234567890123456789:167:567890123456789012345678901234567890123456789012345678901234567890123456789:168:567890123456789012345678901234567890123456789012345678901234567890123456789:169:567890123456789012345678901234567890123456789012345678901234567890123456789:170:567890123456789012345678901234567890123456789012345678901234567890123456789:171:567890123456789012345678901234567890123456789012345678901234567890123456789:172:567890123456789012345678901234567890123456789012345678901234567890123456789:173:567890123456789012345678901234567890123456789012345678901234567890123456789:174:567890123456789012345678901234567890123456789012345678901234567890123456789:175:567890123456789012345678901234567890123456789012345678901234567890123456789:176:567890123456789012345678901234567890123456789012345678901234567890123456789:177:567890123456789012345678901234567890123456789012345678901234567890123456789:178:567890123456789012345678901234567890123456789012345678901234567890123456789:179:567890123456789012345678901234567890123456789012345678901234567890123456789:180:567890123456789012345678901234567890123456789012345678901234567890123456789:181:567890123456789012345678901234567890123456789012345678901234567890123456789:182:567890123456789012345678901234567890123456789012345678901234567890123456789:183:567890123456789012345678901234567890123456789012345678901234567890123456789:184:567890123456789012345678901234567890123456789012345678901234567890123456789:185:567890123456789012345678901234567890123456789012345678901234567890123456789:186:567890123456789012345678901234567890123456789012345678901234567890123456789:187:567890123456789012345678901234567890123456789012345678901234567890123456789:188:567890123456789012345678901234567890123456789012345678901234567890123456789:189:567890123456789012345678901234567890123456789012345678901234567890123456789:190:567890123456789012345678901234567890123456789012345678901234567890123456789:191:567890123456789012345678901234567890123456789012345678901234567890123456789:192:567890123456789012345678901234567890123456789012345678901234567890123456789:193:567890123456789012345678901234567890123456789012345678901234567890123456789:194:567890123456789012345678901234567890123456789012345678901234567890123456789:195:567890123456789012345678901234567890123456789012345678901234567890123456789:196:567890123456789012345678901234567890123456789012345678901234567890123456789:197:567890123456789012345678901234567890123456789012345678901234567890123456789:198:567890123456789012345678901234567890123456789012345678901234567890123456789:199:567890123456789012345678901234567890123456789012345678901234567890123456789:200:567890123456789012345678901234567890123456789012345678901234567890123456789:201:567890123456789012345678901234567890123456789012345678901234567890123456789:202:567890123456789012345678901234567890123456789012345678901234567890123456789:203:567890123456789012345678901234567890123456789012345678901234567890123456789:204:567890123456789012345678901234567890123456789012345678901234567890123456789:205:567890123456789012345678901234567890123456789012345678901234567890123456789:206:567890123456789012345678901234567890123456789012345678901234567890123456789:207:567890123456789012345678901234567890123456789012345678901234567890123456789:208:567890123456789012345678901234567890123456789012345678901234567890123456789:209:567890123456789012345678901234567890123456789012345678901234567890123456789:210:567890123456789012345678901234567890123456789012345678901234567890123456789:211:567890123456789012345678901234567890123456789012345678901234567890123456789:212:567890123456789012345678901234567890123456789012345678901234567890123456789:213:567890123456789012345678901234567890123456789012345678901234567890123456789:214:567890123456789012345678901234567890123456789012345678901234567890123456789:215:567890123456789012345678901234567890123456789012345678901234567890123456789:216:567890123456789012345678901234567890123456789012345678901234567890123456789:217:567890123456789012345678901234567890123456789012345678901234567890123456789:218:567890123456789012345678901234567890123456789012345678901234567890123456789:219:567890123456789012345678901234567890123456789012345678901234567890123456789:220:567890123456789012345678901234567890123456789012345678901234567890123456789:221:567890123456789012345678901234567890123456789012345678901234567890123456789:222:567890123456789012345678901234567890123456789012345678901234567890123456789:223:567890123456789012345678901234567890123456789012345678901234567890123456789:224:567890123456789012345678901234567890123456789012345678901234567890123456789:225:567890123456789012345678901234567890123456789012345678901234567890123456789:226:567890123456789012345678901234567890123456789012345678901234567890123456789:227:567890123456789012345678901234567890123456789012345678901234567890123456789:228:567890123456789012345678901234567890123456789012345678901234567890123456789:229:567890123456789012345678901234567890123456789012345678901234567890123456789:230:567890123456789012345678901234567890123456789012345678901234567890123456789:231:567890123456789012345678901234567890123456789012345678901234567890123456789:232:567890123456789012345678901234567890123456789012345678901234567890123456789:233:567890123456789012345678901234567890123456789012345678901234567890123456789:234:567890123456789012345678901234567890123456789012345678901234567890123456789:235:567890123456789012345678901234567890123456789012345678901234567890123456789:236:567890123456789012345678901234567890123456789012345678901234567890123456789:237:567890123456789012345678901234567890123456789012345678901234567890123456789:238:567890123456789012345678901234567890123456789012345678901234567890123456789:239:567890123456789012345678901234567890123456789012345678901234567890123456789:240:567890123456789012345678901234567890123456789012345678901234567890123456789:241:567890123456789012345678901234567890123456789012345678901234567890123456789:242:567890123456789012345678901234567890123456789012345678901234567890123456789:243:567890123456789012345678901234567890123456789012345678901234567890123456789:244:567890123456789012345678901234567890123456789012345678901234567890123456789:245:567890123456789012345678901234567890123456789012345678901234567890123456789:246:567890123456789012345678901234567890123456789012345678901234567890123456789:247:567890123456789012345678901234567890123456789012345678901234567890123456789:248:567890123456789012345678901234567890123456789012345678901234567890123456789:249:567890123456789012345678901234567890123456789012345678901234567890123456789:250:567890123456789012345678901234567890123456789012345678901234567890123456789:251:567890123456789012345678901234567890123456789012345678901234567890123456789:252:567890123456789012345678901234567890123456789012345678901234567890123456789:253:567890123456789012345678901234567890123456789012345678901234567890123456789:254:567890123456789012345678901234567890123456789012345678901234567890123456789:255:567890123456789012345678901234567890123456789012345678901234567890123456789:256:567890123456789012345678901234567890123456789012345678901234567890123456789:257:567890123456789012345678901234567890123456789012345678901234567890123456789:258:567890123456789012345678901234567890123456789012345678901234567890123456789:259:567890123456789012345678901234567890123456789012345678901234567890123456789:260:567890123456789012345678901234567890123456789012345678901234567890123456789:261:567890123456789012345678901234567890123456789012345678901234567890123456789:262:567890123456789012345678901234567890123456789012345678901234567890123456789:263:567890123456789012345678901234567890123456789012345678901234567890123456789:264:567890123456789012345678901234567890123456789012345678901234567890123456789:265:567890123456789012345678901234567890123456789012345678901234567890123456789:266:567890123456789012345678901234567890123456789012345678901234567890123456789:267:567890123456789012345678901234567890123456789012345678901234567890123456789:268:567890123456789012345678901234567890123456789012345678901234567890123456789:269:567890123456789012345678901234567890123456789012345678901234567890123456789:270:567890123456789012345678901234567890123456789012345678901234567890123456789:271:567890123456789012345678901234567890123456789012345678901234567890123456789:272:567890123456789012345678901234567890123456789012345678901234567890123456789:273:567890123456789012345678901234567890123456789012345678901234567890123456789:274:567890123456789012345678901234567890123456789012345678901234567890123456789:275:567890123456789012345678901234567890123456789012345678901234567890123456789:276:567890123456789012345678901234567890123456789012345678901234567890123456789:277:567890123456789012345678901234567890123456789012345678901234567890123456789:278:567890123456789012345678901234567890123456789012345678901234567890123456789:279:567890123456789012345678901234567890123456789012345678901234567890123456789:280:567890123456789012345678901234567890123456789012345678901234567890123456789:281:567890123456789012345678901234567890123456789012345678901234567890123456789:282:567890123456789012345678901234567890123456789012345678901234567890123456789:283:567890123456789012345678901234567890123456789012345678901234567890123456789:284:567890123456789012345678901234567890123456789012345678901234567890123456789:285:567890123456789012345678901234567890123456789012345678901234567890123456789:286:567890123456789012345678901234567890123456789012345678901234567890123456789:287:567890123456789012345678901234567890123456789012345678901234567890123456789:288:567890123456789012345678901234567890123456789012345678901234567890123456789:289:567890123456789012345678901234567890123456789012345678901234567890123456789:290:567890123456789012345678901234567890123456789012345678901234567890123456789:291:567890123456789012345678901234567890123456789012345678901234567890123456789:292:567890123456789012345678901234567890123456789012345678901234567890123456789:293:567890123456789012345678901234567890123456789012345678901234567890123456789:294:567890123456789012345678901234567890123456789012345678901234567890123456789:295:567890123456789012345678901234567890123456789012345678901234567890123456789:296:567890123456789012345678901234567890123456789012345678901234567890123456789:297:567890123456789012345678901234567890123456789012345678901234567890123456789:298:567890123456789012345678901234567890123456789012345678901234567890123456789:299:567890123456789012345678901234567890123456789012345678901234567890123456789
2020-04-23T21:59:52.9157887Z                 	            	+an expected string
2020-04-23T21:59:52.9162351Z                 	            	+:000:567890123456789012345678901234567890123456789012345678901234567890123456789:001:567890123456789012345678901234567890123456789012345678901234567890123456789:002:567890123456789012345678901234567890123456789012345678901234567890123456789:003:567890123456789012345678901234567890123456789012345678901234567890123456789:004:567890123456789012345678901234567890123456789012345678901234567890123456789:005:567890123456789012345678901234567890123456789012345678901234567890123456789:006:567890123456789012345678901234567890123456789012345678901234567890123456789:007:567890123456789012345678901234567890123456789012345678901234567890123456789:008:567890123456789012345678901234567890123456789012345678901234567890123456789:009:567890123456789012345678901234567890123456789012345678901234567890123456789:010:567890123456789012345678901234567890123456789012345678901234567890123456789:011:567890123456789012345678901234567890123456789012345678901234567890123456789:012:567890123456789012345678901234567890123456789012345678901234567890123456789:013:567890123456789012345678901234567890123456789012345678901234567890123456789:014:567890123456789012345678901234567890123456789012345678901234567890123456789:015:567890123456789012345678901234567890123456789012345678901234567890123456789:016:567890123456789012345678901234567890123456789012345678901234567890123456789:017:567890123456789012345678901234567890123456789012345678901234567890123456789:018:567890123456789012345678901234567890123456789012345678901234567890123456789:019:567890123456789012345678901234567890123456789012345678901234567890123456789:020:567890123456789012345678901234567890123456789012345678901234567890123456789:021:567890123456789012345678901234567890123456789012345678901234567890123456789:022:567890123456789012345678901234567890123456789012345678901234567890123456789:023:567890123456789012345678901234567890123456789012345678901234567890123456789:024:567890123456789012345678901234567890123456789012345678901234567890123456789:025:567890123456789012345678901234567890123456789012345678901234567890123456789:026:567890123456789012345678901234567890123456789012345678901234567890123456789:027:567890123456789012345678901234567890123456789012345678901234567890123456789:028:56789012345678901234567890123456789012345678901234567890123456789012345679 :029:567890123456789012345678901234567890123456789012345678901234567890123456789:030:567890123456789012345678901234567890123456789012345678901234567890123456789:031:567890123456789012345678901234567890123456789012345678901234567890123456789:032:567890123456789012345678901234567890123456789012345678901234567890123456789:033:567890123456789012345678901234567890123456789012345678901234567890123456789:034:567890123456789012345678901234567890123456789012345678901234567890123456789:035:567890123456789012345678901234567890123456789012345678901234567890123456789:036:567890123456789012345678901234567890123456789012345678901234567890123456789:037:567890123456789012345678901234567890123456789012345678901234567890123456789:038:567890123456789012345678901234567890123456789012345678901234567890123456789:039:567890123456789012345678901234567890123456789012345678901234567890123456789:040:567890123456789012345678901234567890123456789012345678901234567890123456789:041:567890123456789012345678901234567890123456789012345678901234567890123456789:042:567890123456789012345678901234567890123456789012345678901234567890123456789:043:567890123456789012345678901234567890123456789012345678901234567890123456789:044:567890123456789012345678901234567890123456789012345678901234567890123456789:045:567890123456789012345678901234567890123456789012345678901234567890123456789:046:567890123456789012345678901234567890123456789012345678901234567890123456789:047:567890123456789012345678901234567890123456789012345678901234567890123456789:048:567890123456789012345678901234567890123456789012345678901234567890123456789:049:567890123456789012345678901234567890123456789012345678901234567890123456789:050:567890123456789012345678901234567890123456789012345678901234567890123456789:051:567890123456789012345678901234567890123456789012345678901234567890123456789:052:567890123456789012345678901234567890123456789012345678901234567890123456789:053:567890123456789012345678901234567890123456789012345678901234567890123456789:054:567890123456789012345678901234567890123456789012345678901234567890123456789:055:567890123456789012345678901234567890123456789012345678901234567890123456789:056:567890123456789012345678901234567890123456789012345678901234567890123456789:057:567890123456789012345678901234567890123456789012345678901234567890123456789:058:567890123456789012345678901234567890123456789012345678901234567890123456789:059:567890123456789012345678901234567890123456789012345678901234567890123456789:060:567890123456789012345678901234567890123456789012345678901234567890123456789:061:567890123456789012345678901234567890123456789012345678901234567890123456789:062:567890123456789012345678901234567890123456789012345678901234567890123456789:063:567890123456789012345678901234567890123456789012345678901234567890123456789:064:567890123456789012345678901234567890123456789012345678901234567890123456789:065:567890123456789012345678901234567890123456789012345678901234567890123456789:066:567890123456789012345678901234567890123456789012345678901234567890123456789:067:567890123456789012345678901234567890123456789012345678901234567890123456789:068:567890123456789012345678901234567890123456789012345678901234567890123456789:069:567890123456789012345678901234567890123456789012345678901234567890123456789:070:567890123456789012345678901234567890123456789012345678901234567890123456789:071:567890123456789012345678901234567890123456789012345678901234567890123456789:072:567890123456789012345678901234567890123456789012345678901234567890123456789:073:567890123456789012345678901234567890123456789012345678901234567890123456789:074:567890123456789012345678901234567890123456789012345678901234567890123456789:075:567890123456789012345678901234567890123456789012345678901234567890123456789:076:567890123456789012345678901234567890123456789012345678901234567890123456789:077:567890123456789012345678901234567890123456789012345678901234567890123456789:078:567890123456789012345678901234567890123456789012345678901234567890123456789:079:567890123456789012345678901234567890123456789012345678901234567890123456789:080:567890123456789012345678901234567890123456789012345678901234567890123456789:081:567890123456789012345678901234567890123456789012345678901234567890123456789:082:567890123456789012345678901234567890123456789012345678901234567890123456789:083:567890123456789012345678901234567890123456789012345678901234567890123456789:084:567890123456789012345678901234567890123456789012345678901234567890123456789:085:567890123456789012345678901234567890123456789012345678901234567890123456789:086:567890123456789012345678901234567890123456789012345678901234567890123456789:087:56789012345678901234567890123456789012345678901234567890123456789012345679 :088:567890123456789012345678901234567890123456789012345678901234567890123456789:089:567890123456789012345678901234567890123456789012345678901234567890123456789:090:567890123456789012345678901234567890123456789012345678901234567890123456789:091:567890123456789012345678901234567890123456789012345678901234567890123456789:092:567890123456789012345678901234567890123456789012345678901234567890123456789:093:567890123456789012345678901234567890123456789012345678901234567890123456789:094:567890123456789012345678901234567890123456789012345678901234567890123456789:095:567890123456789012345678901234567890123456789012345678901234567890123456789:096:567890123456789012345678901234567890123456789012345678901234567890123456789:097:567890123456789012345678901234567890123456789012345678901234567890123456789:098:567890123456789012345678901234567890123456789012345678901234567890123456789:099:567890123456789012345678901234567890123456789012345678901234567890123456789:100:567890123456789012345678901234567890123456789012345678901234567890123456789:101:567890123456789012345678901234567890123456789012345678901234567890123456789:102:567890123456789012345678901234567890123456789012345678901234567890123456789:103:567890123456789012345678901234567890123456789012345678901234567890123456789:104:567890123456789012345678901234567890123456789012345678901234567890123456789:105:567890123456789012345678901234567890123456789012345678901234567890123456789:106:567890123456789012345678901234567890123456789012345678901234567890123456789:107:567890123456789012345678901234567890123456789012345678901234567890123456789:108:567890123456789012345678901234567890123456789012345678901234567890123456789:109:567890123456789012345678901234567890123456789012345678901234567890123456789:110:567890123456789012345678901234567890123456789012345678901234567890123456789:111:567890123456789012345678901234567890123456789012345678901234567890123456789:112:567890123456789012345678901234567890123456789012345678901234567890123456789:113:567890123456789012345678901234567890123456789012345678901234567890123456789:114:567890123456789012345678901234567890123456789012345678901234567890123456789:115:567890123456789012345678901234567890123456789012345678901234567890123456789:116:567890123456789012345678901234567890123456789012345678901234567890123456789:117:567890123456789012345678901234567890123456789012345678901234567890123456789:118:567890123456789012345678901234567890123456789012345678901234567890123456789:119:567890123456789012345678901234567890123456789012345678901234567890123456789:120:567890123456789012345678901234567890123456789012345678901234567890123456789:121:567890123456789012345678901234567890123456789012345678901234567890123456789:122:567890123456789012345678901234567890123456789012345678901234567890123456789:123:567890123456789012345678901234567890123456789012345678901234567890123456789:124:567890123456789012345678901234567890123456789012345678901234567890123456789:125:567890123456789012345678901234567890123456789012345678901234567890123456789:126:567890123456789012345678901234567890123456789012345678901234567890123456789:127:567890123456789012345678901234567890123456789012345678901234567890123456789:128:567890123456789012345678901234567890123456789012345678901234567890123456789:129:567890123456789012345678901234567890123456789012345678901234567890123456789:130:567890123456789012345678901234567890123456789012345678901234567890123456789:131:567890123456789012345678901234567890123456789012345678901234567890123456789:132:567890123456789012345678901234567890123456789012345678901234567890123456789:133:567890123456789012345678901234567890123456789012345678901234567890123456789:134:567890123456789012345678901234567890123456789012345678901234567890123456789:135:567890123456789012345678901234567890123456789012345678901234567890123456789:136:567890123456789012345678901234567890123456789012345678901234567890123456789:137:567890123456789012345678901234567890123456789012345678901234567890123456789:138:567890123456789012345678901234567890123456789012345678901234567890123456789:139:567890123456789012345678901234567890123456789012345678901234567890123456789:140:567890123456789012345678901234567890123456789012345678901234567890123456789:141:567890123456789012345678901234567890123456789012345678901234567890123456789:142:567890123456789012345678901234567890123456789012345678901234567890123456789:143:567890123456789012345678901234567890123456789012345678901234567890123456789:144:567890123456789012345678901234567890123456789012345678901234567890123456789:145:567890123456789012345678901234567890123456789012345678901234567890123456789:146:567890123456789012345678901234567890123456789012345678901234567890123456789:147:567890123456789012345678901234567890123456789012345678901234567890123456789:148:567890123456789012345678901234567890123456789012345678901234567890123456789:149:567890123456789012345678901234567890123456789012345678901234567890123456789:150:567890123456789012345678901234567890123456789012345678901234567890123456789:151:567890123456789012345678901234567890123456789012345678901234567890123456789:152:567890123456789012345678901234567890123456789012345678901234567890123456789:153:567890123456789012345678901234567890123456789012345678901234567890123456789:154:567890123456789012345678901234567890123456789012345678901234567890123456789:155:567890123456789012345678901234567890123456789012345678901234567890123456789:156:567890123456789012345678901234567890123456789012345678901234567890123456789:157:567890123456789012345678901234567890123456789012345678901234567890123456789:158:567890123456789012345678901234567890123456789012345678901234567890123456789:159:567890123456789012345678901234567890123456789012345678901234567890123456789:160:567890123456789012345678901234567890123456789012345678901234567890123456789:161:567890123456789012345678901234567890123456789012345678901234567890123456789:162:567890123456789012345678901234567890123456789012345678901234567890123456789:163:567890123456789012345678901234567890123456789012345678901234567890123456789:164:567890123456789012345678901234567890123456789012345678901234567890123456789:165:567890123456789012345678901234567890123456789012345678901234567890123456789:166:567890123456789012345678901234567890123456789012345678901234567890123456789:167:567890123456789012345678901234567890123456789012345678901234567890123456789:168:567890123456789012345678901234567890123456789012345678901234567890123456789:169:567890123456789012345678901234567890123456789012345678901234567890123456789:170:567890123456789012345678901234567890123456789012345678901234567890123456789:171:567890123456789012345678901234567890123456789012345678901234567890123456789:172:567890123456789012345678901234567890123456789012345678901234567890123456789:173:567890123456789012345678901234567890123456789012345678901234567890123456789:174:567890123456789012345678901234567890123456789012345678901234567890123456789:175:567890123456789012345678901234567890123456789012345678901234567890123456789:176:567890123456789012345678901234567890123456789012345678901234567890123456789:177:567890123456789012345678901234567890123456789012345678901234567890123456789:178:567890123456789012345678901234567890123456789012345678901234567890123456789:179:567890123456789012345678901234567890123456789012345678901234567890123456789:180:567890123456789012345678901234567890123456789012345678901234567890123456789:181:567890123456789012345678901234567890123456789012345678901234567890123456789:182:567890123456789012345678901234567890123456789012345678901234567890123456789:183:567890123456789012345678901234567890123456789012345678901234567890123456789:184:567890123456789012345678901234567890123456789012345678901234567890123456789:185:56789012345678901234567890123456789012345678901234567890123456789012345679 :186:567890123456789012345678901234567890123456789012345678901234567890123456789:187:567890123456789012345678901234567890123456789012345678901234567890123456789:188:567890123456789012345678901234567890123456789012345678901234567890123456789:189:567890123456789012345678901234567890123456789012345678901234567890123456789:190:567890123456789012345678901234567890123456789012345678901234567890123456789:191:567890123456789012345678901234567890123456789012345678901234567890123456789:192:567890123456789012345678901234567890123456789012345678901234567890123456789:193:567890123456789012345678901234567890123456789012345678901234567890123456789:194:567890123456789012345678901234567890123456789012345678901234567890123456789:195:567890123456789012345678901234567890123456789012345678901234567890123456789:196:567890123456789012345678901234567890123456789012345678901234567890123456789:197:567890123456789012345678901234567890123456789012345678901234567890123456789:198:567890123456789012345678901234567890123456789012345678901234567890123456789:199:567890123456789012345678901234567890123456789012345678901234567890123456789:200:567890123456789012345678901234567890123456789012345678901234567890123456789:201:567890123456789012345678901234567890123456789012345678901234567890123456789:202:567890123456789012345678901234567890123456789012345678901234567890123456789:203:567890123456789012345678901234567890123456789012345678901234567890123456789:204:567890123456789012345678901234567890123456789012345678901234567890123456789:205:567890123456789012345678901234567890123456789012345678901234567890123456789:206:567890123456789012345678901234567890123456789012345678901234567890123456789:207:567890123456789012345678901234567890123456789012345678901234567890123456789:208:567890123456789012345678901234567890123456789012345678901234567890123456789:209:567890123456789012345678901234567890123456789012345678901234567890123456789:210:567890123456789012345678901234567890123456789012345678901234567890123456789:211:567890123456789012345678901234567890123456789012345678901234567890123456789:212:567890123456789012345678901234567890123456789012345678901234567890123456789:213:567890123456789012345678901234567890123456789012345678901234567890123456789:214:567890123456789012345678901234567890123456789012345678901234567890123456789:215:567890123456789012345678901234567890123456789012345678901234567890123456789:216:567890123456789012345678901234567890123456789012345678901234567890123456789:217:567890123456789012345678901234567890123456789012345678901234567890123456789:218:567890123456789012345678901234567890123456789012345678901234567890123456789:219:567890123456789012345678901234567890123456789012345678901234567890123456789:220:567890123456789012345678901234567890123456789012345678901234567890123456789:221:567890123456789012345678901234567890123456789012345678901234567890123456789:222:567890123456789012345678901234567890123456789012345678901234567890123456789:223:567890123456789012345678901234567890123456789012345678901234567890123456789:224:567890123456789012345678901234567890123456789012345678901234567890123456789:225:567890123456789012345678901234567890123456789012345678901234567890123456789:226:567890123456789012345678901234567890123456789012345678901234567890123456789:227:567890123456789012345678901234567890123456789012345678901234567890123456789:228:567890123456789012345678901234567890123456789012345678901234567890123456789:229:567890123456789012345678901234567890123456789012345678901234567890123456789:230:567890123456789012345678901234567890123456789012345678901234567890123456789:231:567890123456789012345678901234567890123456789012345678901234567890123456789:232:567890123456789012345678901234567890123456789012345678901234567890123456789:233:567890123456789012345678901234567890123456789012345678901234567890123456789:234:567890123456789012345678901234567890123456789012345678901234567890123456789:235:567890123456789012345678901234567890123456789012345678901234567890123456789:236:567890123456789012345678901234567890123456789012345678901234567890123456789:237:567890123456789012345678901234567890123456789012345678901234567890123456789:238:567890123456789012345678901234567890123456789012345678901234567890123456789:239:567890123456789012345678901234567890123456789012345678901234567890123456789:240:567890123456789012345678901234567890123456789012345678901234567890123456789:241:567890123456789012345678901234567890123456789012345678901234567890123456789:242:567890123456789012345678901234567890123456789012345678901234567890123456789:243:567890123456789012345678901234567890123456789012345678901234567890123456789:244:567890123456789012345678901234567890123456789012345678901234567890123456789:245:567890123456789012345678901234567890123456789012345678901234567890123456789:246:567890123456789012345678901234567890123456789012345678901234567890123456789:247:567890123456789012345678901234567890123456789012345678901234567890123456789:248:567890123456789012345678901234567890123456789012345678901234567890123456789:249:567890123456789012345678901234567890123456789012345678901234567890123456789:250:567890123456789012345678901234567890123456789012345678901234567890123456789:251:567890123456789012345678901234567890123456789012345678901234567890123456789:252:567890123456789012345678901234567890123456789012345678901234567890123456789:253:567890123456789012345678901234567890123456789012345678901234567890123456789:254:567890123456789012345678901234567890123456789012345678901234567890123456789:255:567890123456789012345678901234567890123456789012345678901234567890123456789:256:567890123456789012345678901234567890123456789012345678901234567890123456789:257:567890123456789012345678901234567890123456789012345678901234567890123456789:258:567890123456789012345678901234567890123456789012345678901234567890123456789:259:567890123456789012345678901234567890123456789012345678901234567890123456789:260:567890123456789012345678901234567890123456789012345678901234567890123456789:261:567890123456789012345678901234567890123456789012345678901234567890123456789:262:567890123456789012345678901234567890123456789012345678901234567890123456789:263:567890123456789012345678901234567890123456789012345678901234567890123456789:264:567890123456789012345678901234567890123456789012345678901234567890123456789:265:567890123456789012345678901234567890123456789012345678901234567890123456789:266:567890123456789012345678901234567890123456789012345678901234567890123456789:267:567890123456789012345678901234567890123456789012345678901234567890123456789:268:567890123456789012345678901234567890123456789012345678901234567890123456789:269:567890123456789012345678901234567890123456789012345678901234567890123456789:270:567890123456789012345678901234567890123456789012345678901234567890123456789:271:567890123456789012345678901234567890123456789012345678901234567890123456789:272:567890123456789012345678901234567890123456789012345678901234567890123456789:273:567890123456789012345678901234567890123456789012345678901234567890123456789:274:567890123456789012345678901234567890123456789012345678901234567890123456789:275:567890123456789012345678901234567890123456789012345678901234567890123456789:276:567890123456789012345678901234567890123456789012345678901234567890123456789:277:567890123456789012345678901234567890123456789012345678901234567890123456789:278:567890123456789012345678901234567890123456789012345678901234567890123456789:279:567890123456789012345678901234567890123456789012345678901234567890123456789:280:567890123456789012345678901234567890123456789012345678901234567890123456789:281:567890123456789012345678901234567890123456789012345678901234567890123456789:282:567890123456789012345678901234567890123456789012345678901234567890123456789:283:567890123456789012345678901234567890123456789012345678901234567890123456789:284:567890123456789012345678901234567890123456789012345678901234567890123456789:285:567890123456789012345678901234567890123456789012345678901234567890123456789:286:567890123456789012345678901234567890123456789012345678901234567890123456789:287:567890123456789012345678901234567890123456789012345678901234567890123456789:288:567890123456789012345678901234567890123456789012345678901234567890123456789:289:567890123456789012345678901234567890123456789012345678901234567890123456789:290:567890123456789012345678901234567890123456789012345678901234567890123456789:291:567890123456789012345678901234567890123456789012345678901234567890123456789:292:567890123456789012345678901234567890123456789012345678901234567890123456789:293:567890123456789012345678901234567890123456789012345678901234567890123456789:294:567890123456789012345678901234567890123456789012345678901234567890123456789:295:567890123456789012345678901234567890123456789012345678901234567890123456789:296:567890123456789012345678901234567890123456789012345678901234567890123456789:297:567890123456789012345678901234567890123456789012345678901234567890123456789:298:567890123456789012345678901234567890123456789012345678901234567890123456789:299:567890123456789012345678901234567890123456789012345678901234567890123456789
2020-04-23T21:59:52.9164541Z                 	Test:       	TestTermTestTestSuite/TestTermTest/with_filled_buffer
2020-04-23T21:59:52.9164711Z                 	Messages:   	raw buffer
2020-04-23T21:59:52.9164921Z             conproc_test.go:115: 
2020-04-23T21:59:52.9165081Z                 	Error Trace:	conproc_test.go:115
2020-04-23T21:59:52.9165300Z                 	            				suite.go:77
2020-04-23T21:59:52.9165443Z                 	Error:      	Not equal: 
2020-04-23T21:59:52.9166348Z                 	            	expected: ":271:567890123456789012345678901234567890123456789012345678901234567890123456789:272:567890123456789012345678901234567890123456789012345678901234567890123456789:273:567890123456789012345678901234567890123456789012345678901234567890123456789:274:567890123456789012345678901234567890123456789012345678901234567890123456789:275:567890123456789012345678901234567890123456789012345678901234567890123456789:276:567890123456789012345678901234567890123456789012345678901234567890123456789:277:567890123456789012345678901234567890123456789012345678901234567890123456789:278:567890123456789012345678901234567890123456789012345678901234567890123456789:279:567890123456789012345678901234567890123456789012345678901234567890123456789:280:567890123456789012345678901234567890123456789012345678901234567890123456789:281:567890123456789012345678901234567890123456789012345678901234567890123456789:282:567890123456789012345678901234567890123456789012345678901234567890123456789:283:567890123456789012345678901234567890123456789012345678901234567890123456789:284:567890123456789012345678901234567890123456789012345678901234567890123456789:285:567890123456789012345678901234567890123456789012345678901234567890123456789:286:567890123456789012345678901234567890123456789012345678901234567890123456789:287:567890123456789012345678901234567890123456789012345678901234567890123456789:288:567890123456789012345678901234567890123456789012345678901234567890123456789:289:567890123456789012345678901234567890123456789012345678901234567890123456789:290:567890123456789012345678901234567890123456789012345678901234567890123456789:291:567890123456789012345678901234567890123456789012345678901234567890123456789:292:567890123456789012345678901234567890123456789012345678901234567890123456789:293:567890123456789012345678901234567890123456789012345678901234567890123456789:294:567890123456789012345678901234567890123456789012345678901234567890123456789:295:567890123456789012345678901234567890123456789012345678901234567890123456789:296:567890123456789012345678901234567890123456789012345678901234567890123456789:297:567890123456789012345678901234567890123456789012345678901234567890123456789:298:567890123456789012345678901234567890123456789012345678901234567890123456789:299:567890123456789012345678901234567890123456789012345678901234567890123456789"
2020-04-23T21:59:52.9167383Z                 	            	actual  : ":272:567890123456789012345678901234567890123456789012345678901234567890123456789:273:567890123456789012345678901234567890123456789012345678901234567890123456789:274:567890123456789012345678901234567890123456789012345678901234567890123456789:275:567890123456789012345678901234567890123456789012345678901234567890123456789:276:567890123456789012345678901234567890123456789012345678901234567890123456789:277:567890123456789012345678901234567890123456789012345678901234567890123456789:278:567890123456789012345678901234567890123456789012345678901234567890123456789:279:567890123456789012345678901234567890123456789012345678901234567890123456789:280:567890123456789012345678901234567890123456789012345678901234567890123456789:281:567890123456789012345678901234567890123456789012345678901234567890123456789:282:567890123456789012345678901234567890123456789012345678901234567890123456789:283:567890123456789012345678901234567890123456789012345678901234567890123456789:284:567890123456789012345678901234567890123456789012345678901234567890123456789:285:567890123456789012345678901234567890123456789012345678901234567890123456789:286:567890123456789012345678901234567890123456789012345678901234567890123456789:287:567890123456789012345678901234567890123456789012345678901234567890123456789:288:567890123456789012345678901234567890123456789012345678901234567890123456789:289:567890123456789012345678901234567890123456789012345678901234567890123456789:290:567890123456789012345678901234567890123456789012345678901234567890123456789:291:567890123456789012345678901234567890123456789012345678901234567890123456789:292:567890123456789012345678901234567890123456789012345678901234567890123456789:293:567890123456789012345678901234567890123456789012345678901234567890123456789:294:567890123456789012345678901234567890123456789012345678901234567890123456789:295:567890123456789012345678901234567890123456789012345678901234567890123456789:296:567890123456789012345678901234567890123456789012345678901234567890123456789:297:567890123456789012345678901234567890123456789012345678901234567890123456789:298:567890123456789012345678901234567890123456789012345678901234567890123456789:299:567890123456789012345678901234567890123456789012345678901234567890123456789"
2020-04-23T21:59:52.9167733Z                 	            	
2020-04-23T21:59:52.9167895Z                 	            	Diff:
2020-04-23T21:59:52.9168069Z                 	            	--- Expected
2020-04-23T21:59:52.9168231Z                 	            	+++ Actual
2020-04-23T21:59:52.9168379Z                 	            	@@ -1 +1 @@
2020-04-23T21:59:52.9169059Z                 	            	-:271:567890123456789012345678901234567890123456789012345678901234567890123456789:272:567890123456789012345678901234567890123456789012345678901234567890123456789:273:567890123456789012345678901234567890123456789012345678901234567890123456789:274:567890123456789012345678901234567890123456789012345678901234567890123456789:275:567890123456789012345678901234567890123456789012345678901234567890123456789:276:567890123456789012345678901234567890123456789012345678901234567890123456789:277:567890123456789012345678901234567890123456789012345678901234567890123456789:278:567890123456789012345678901234567890123456789012345678901234567890123456789:279:567890123456789012345678901234567890123456789012345678901234567890123456789:280:567890123456789012345678901234567890123456789012345678901234567890123456789:281:567890123456789012345678901234567890123456789012345678901234567890123456789:282:567890123456789012345678901234567890123456789012345678901234567890123456789:283:567890123456789012345678901234567890123456789012345678901234567890123456789:284:567890123456789012345678901234567890123456789012345678901234567890123456789:285:567890123456789012345678901234567890123456789012345678901234567890123456789:286:567890123456789012345678901234567890123456789012345678901234567890123456789:287:567890123456789012345678901234567890123456789012345678901234567890123456789:288:567890123456789012345678901234567890123456789012345678901234567890123456789:289:567890123456789012345678901234567890123456789012345678901234567890123456789:290:567890123456789012345678901234567890123456789012345678901234567890123456789:291:567890123456789012345678901234567890123456789012345678901234567890123456789:292:567890123456789012345678901234567890123456789012345678901234567890123456789:293:567890123456789012345678901234567890123456789012345678901234567890123456789:294:567890123456789012345678901234567890123456789012345678901234567890123456789:295:567890123456789012345678901234567890123456789012345678901234567890123456789:296:567890123456789012345678901234567890123456789012345678901234567890123456789:297:567890123456789012345678901234567890123456789012345678901234567890123456789:298:567890123456789012345678901234567890123456789012345678901234567890123456789:299:567890123456789012345678901234567890123456789012345678901234567890123456789
2020-04-23T21:59:52.9169862Z                 	            	+:272:567890123456789012345678901234567890123456789012345678901234567890123456789:273:567890123456789012345678901234567890123456789012345678901234567890123456789:274:567890123456789012345678901234567890123456789012345678901234567890123456789:275:567890123456789012345678901234567890123456789012345678901234567890123456789:276:567890123456789012345678901234567890123456789012345678901234567890123456789:277:567890123456789012345678901234567890123456789012345678901234567890123456789:278:567890123456789012345678901234567890123456789012345678901234567890123456789:279:567890123456789012345678901234567890123456789012345678901234567890123456789:280:567890123456789012345678901234567890123456789012345678901234567890123456789:281:567890123456789012345678901234567890123456789012345678901234567890123456789:282:567890123456789012345678901234567890123456789012345678901234567890123456789:283:567890123456789012345678901234567890123456789012345678901234567890123456789:284:567890123456789012345678901234567890123456789012345678901234567890123456789:285:567890123456789012345678901234567890123456789012345678901234567890123456789:286:567890123456789012345678901234567890123456789012345678901234567890123456789:287:567890123456789012345678901234567890123456789012345678901234567890123456789:288:567890123456789012345678901234567890123456789012345678901234567890123456789:289:567890123456789012345678901234567890123456789012345678901234567890123456789:290:567890123456789012345678901234567890123456789012345678901234567890123456789:291:567890123456789012345678901234567890123456789012345678901234567890123456789:292:567890123456789012345678901234567890123456789012345678901234567890123456789:293:567890123456789012345678901234567890123456789012345678901234567890123456789:294:567890123456789012345678901234567890123456789012345678901234567890123456789:295:567890123456789012345678901234567890123456789012345678901234567890123456789:296:567890123456789012345678901234567890123456789012345678901234567890123456789:297:567890123456789012345678901234567890123456789012345678901234567890123456789:298:567890123456789012345678901234567890123456789012345678901234567890123456789:299:567890123456789012345678901234567890123456789012345678901234567890123456789
2020-04-23T21:59:52.9170256Z                 	Test:       	TestTermTestTestSuite/TestTermTest/with_filled_buffer
2020-04-23T21:59:52.9170433Z                 	Messages:   	terminal snapshot
2020-04-23T21:59:52.9170626Z         --- FAIL: TestTermTestTestSuite/TestTermTest/stuttering (1.17s)
2020-04-23T21:59:52.9170786Z             conproc_test.go:114: 
2020-04-23T21:59:52.9170926Z                 	Error Trace:	conproc_test.go:114
2020-04-23T21:59:52.9171094Z                 	            				suite.go:77
2020-04-23T21:59:52.9171252Z                 	Error:      	Not equal: 
2020-04-23T21:59:52.9171809Z                 	            	expected: "stuttered 1 times\nstuttered 2 times\nstuttered 3 times\nstuttered 4 times\nstuttered 5 times\nstuttered 6 times\nstuttered 7 times\nstuttered 8 times\nstuttered 9 times\nstuttered 10 times\nstuttered 11 times\nstuttered 12 times\nstuttered 13 times\nstuttered 14 times\nstuttered 15 times\nstuttered 16 times\nstuttered 17 times\nstuttered 18 times\nstuttered 19 times\nstuttered 20 times"
2020-04-23T21:59:52.9172476Z                 	            	actual  : "an expected string\nstuttered 1 times\nstuttered 2 times\nstuttered 3 times\nstuttered 4 times\nstuttered 5 times\nstuttered 6 times\nstuttered 7 times\nstuttered 8 times\nstuttered 9 times\nstuttered 10 times\nstuttered 11 times\nstuttered 12 times\nstuttered 13 times\nstuttered 14 times\nstuttered 15 times\nstuttered 16 times\nstuttered 17 times\nstuttered 18 times\nstuttered 19 times\nstuttered 20 times"
2020-04-23T21:59:52.9172686Z                 	            	
2020-04-23T21:59:52.9172844Z                 	            	Diff:
2020-04-23T21:59:52.9173007Z                 	            	--- Expected
2020-04-23T21:59:52.9173149Z                 	            	+++ Actual
2020-04-23T21:59:52.9173317Z                 	            	@@ -1 +1,2 @@
2020-04-23T21:59:52.9173492Z                 	            	+an expected string
2020-04-23T21:59:52.9173767Z                 	            	 stuttered 1 times
2020-04-23T21:59:52.9173931Z                 	Test:       	TestTermTestTestSuite/TestTermTest/stuttering
2020-04-23T21:59:52.9174085Z                 	Messages:   	raw buffer
2020-04-23T21:59:52.9174243Z     --- PASS: TestTermTestTestSuite/TestTimeout (0.26s)
2020-04-23T21:59:52.9174388Z FAIL
2020-04-23T21:59:52.9470139Z FAIL	github.com/ActiveState/termtest	7.707s
2020-04-23T21:59:52.9504800Z FAIL
2020-04-23T21:59:53.2122225Z ##[error]Process completed with exit code 1.
2020-04-23T21:59:53.2261396Z ##[group]Run mv text.log text-windows-latest.log
2020-04-23T21:59:53.2261648Z [36;1mmv text.log text-windows-latest.log[0m
2020-04-23T21:59:53.2299152Z shell: C:\Program Files\PowerShell\7\pwsh.EXE -command ". '{0}'"
2020-04-23T21:59:53.2299265Z env:
2020-04-23T21:59:53.2299356Z   GOPRIVATE: github.com/ActiveState/go-conpty,github.com/ActiveState/xpty,github.com/ActiveState/go-expect
2020-04-23T21:59:53.2299466Z   GOFLAGS: -mod=vendor
2020-04-23T21:59:53.2299556Z   GOROOT: C:\hostedtoolcache\windows\go\1.13.10\x64
2020-04-23T21:59:53.2299655Z ##[endgroup]
2020-04-23T21:59:53.7943419Z ##[group]Run actions/upload-artifact@v1
2020-04-23T21:59:53.7943581Z with:
2020-04-23T21:59:53.7943683Z   name: raw-log
2020-04-23T21:59:53.7943773Z   path: text-windows-latest.log
2020-04-23T21:59:53.7943851Z env:
2020-04-23T21:59:53.7943960Z   GOPRIVATE: github.com/ActiveState/go-conpty,github.com/ActiveState/xpty,github.com/ActiveState/go-expect
2020-04-23T21:59:53.7944091Z   GOFLAGS: -mod=vendor
2020-04-23T21:59:53.7944185Z   GOROOT: C:\hostedtoolcache\windows\go\1.13.10\x64
2020-04-23T21:59:53.7944266Z ##[endgroup]
2020-04-23T21:59:54.1578934Z Uploading artifact 'raw-log' from 'd:\a\termtest\termtest\text-windows-latest.log' for run #27
2020-04-23T21:59:54.2292065Z Uploading 1 files
2020-04-23T21:59:54.4966852Z File upload complete.
2020-04-23T21:59:54.4972689Z Uploaded '36970' bytes from 'd:\a\termtest\termtest\text-windows-latest.log' to server
2020-04-23T21:59:54.6769992Z Associated artifact raw-log (2857596) with run #27
2020-04-23T21:59:54.7064570Z Post job cleanup.
2020-04-23T21:59:55.1738058Z [command]"C:\Program Files\Git\bin\git.exe" version
2020-04-23T21:59:55.1922710Z git version 2.26.1.windows.1
2020-04-23T21:59:55.1989792Z [command]"C:\Program Files\Git\bin\git.exe" config --local --name-only --get-regexp core\.sshCommand
2020-04-23T21:59:55.2230933Z [command]"C:\Program Files\Git\bin\git.exe" submodule foreach --recursive "git config --local --name-only --get-regexp 'core\.sshCommand' && git config --local --unset-all 'core.sshCommand' || :"
2020-04-23T21:59:55.6927575Z [command]"C:\Program Files\Git\bin\git.exe" config --local --name-only --get-regexp http\.https\:\/\/github\.com\/\.extraheader
2020-04-23T21:59:55.7103407Z http.https://github.com/.extraheader
2020-04-23T21:59:55.7149802Z [command]"C:\Program Files\Git\bin\git.exe" config --local --unset-all http.https://github.com/.extraheader
2020-04-23T21:59:55.7371179Z [command]"C:\Program Files\Git\bin\git.exe" submodule foreach --recursive "git config --local --name-only --get-regexp 'http\.https\:\/\/github\.com\/\.extraheader' && git config --local --unset-all 'http.https://github.com/.extraheader' || :"
2020-04-23T21:59:56.2137886Z Cleaning up orphan processes
